Component: ARM Compiler 5.06 update 6 (build 750) Tool: armlink [4d35ed]

==============================================================================

Section Cross References

    main.o(.text) refers to bsp_init.o(.text) for All_Init
    main.o(.text) refers to ano_scheduler.o(.text) for Scheduler_Setup
    main.o(.text) refers to ano_fcdata.o(.bss) for flag
    ano_scheduler.o(.text) refers to drv_time.o(.text) for GetSysTime_us
    ano_scheduler.o(.text) refers to ano_flightdatacal.o(.text) for Fc_Sensor_Get
    ano_scheduler.o(.text) refers to drv_icm20602.o(.text) for Sensor_Data_Prepare
    ano_scheduler.o(.text) refers to drv_gps.o(.text) for WCXY_Acc_Get_Task
    ano_scheduler.o(.text) refers to ano_flightctrl.o(.text) for Flight_State_Task
    ano_scheduler.o(.text) refers to ano_dt.o(.text) for ANO_DT_Data_Exchange
    ano_scheduler.o(.text) refers to ano_attctrl.o(.text) for Att_1level_Ctrl
    ano_scheduler.o(.text) refers to ano_motorctrl.o(.text) for Motor_Ctrl_Task
    ano_scheduler.o(.text) refers to ano_imu.o(.text) for calculate_RPY
    ano_scheduler.o(.text) refers to ano_rc.o(.text) for RC_duty_task
    ano_scheduler.o(.text) refers to ano_altctrl.o(.text) for Alt_1level_Ctrl
    ano_scheduler.o(.text) refers to ano_of.o(.text) for AnoOF_DataAnl_Task
    ano_scheduler.o(.text) refers to drv_led.o(.text) for LED_Task2
    ano_scheduler.o(.text) refers to ano_flyctrl.o(.text) for FlyCtrl_Task
    ano_scheduler.o(.text) refers to ano_locctrl.o(.text) for Loc_1level_Ctrl
    ano_scheduler.o(.text) refers to drv_vl53l0x.o(.text) for Drv_Vl53_RunTask
    ano_scheduler.o(.text) refers to ano_power.o(.text) for Power_UpdateTask
    ano_scheduler.o(.text) refers to drv_heating.o(.text) for Thermostatic_Ctrl_Task
    ano_scheduler.o(.text) refers to ano_parameter.o(.text) for Ano_Parame_Write_task
    ano_scheduler.o(.text) refers to ano_scheduler.o(.bss) for test_dT_1000hz
    ano_scheduler.o(.text) refers to ano_rc.o(.bss) for CH_N
    ano_scheduler.o(.text) refers to ano_scheduler.o(.data) for sched_tasks
    ano_scheduler.o(.data) refers to ano_scheduler.o(.text) for Loop_1000Hz
    bsp_init.o(.text) refers to misc.o(.text) for NVIC_PriorityGroupConfig
    bsp_init.o(.text) refers to drv_time.o(.text) for SysTick_Configuration
    bsp_init.o(.text) refers to drv_led.o(.text) for Drv_LED_Init
    bsp_init.o(.text) refers to drv_w25qxx.o(.text) for Flash_Init
    bsp_init.o(.text) refers to ano_fcdata.o(.text) for Para_Data_Init
    bsp_init.o(.text) refers to ano_rc.o(.text) for Remote_Control_Init
    bsp_init.o(.text) refers to drv_pwm_out.o(.text) for PWM_Out_Init
    bsp_init.o(.text) refers to drv_spi.o(.text) for Drv_SPI2_init
    bsp_init.o(.text) refers to drv_icm20602.o(.text) for Drv_Icm20602CSPin_Init
    bsp_init.o(.text) refers to drv_ak8975.o(.text) for Drv_AK8975CSPin_Init
    bsp_init.o(.text) refers to drv_spl06.o(.text) for Drv_SPL06CSPin_Init
    bsp_init.o(.text) refers to ano_usb.o(.text) for Usb_Hid_Init
    bsp_init.o(.text) refers to drv_usart.o(.text) for Usart2_Init
    bsp_init.o(.text) refers to drv_i2c_soft.o(.text) for I2c_Soft_Init
    bsp_init.o(.text) refers to drv_vl53l0x.o(.text) for Drv_Vl53_Init
    bsp_init.o(.text) refers to drv_adc.o(.text) for Drv_AdcInit
    bsp_init.o(.text) refers to ano_flightctrl.o(.text) for All_PID_Init
    bsp_init.o(.text) refers to drv_gps.o(.text) for Drv_GpsPin_Init
    bsp_init.o(.text) refers to drv_heating.o(.text) for Drv_HeatingInit
    bsp_init.o(.text) refers to ano_dt.o(.text) for ANO_DT_SendString
    bsp_init.o(.text) refers to ano_fcdata.o(.data) for sens_hd_check
    ano_dt.o(.text) refers to ano_usb.o(.text) for Usb_Hid_Adddata
    ano_dt.o(.text) refers to drv_usart.o(.text) for Usart2_Send
    ano_dt.o(.text) refers to ano_dt.o(.bss) for data_to_send
    ano_dt.o(.text) refers to ano_parameter.o(.bss) for Ano_Parame
    ano_dt.o(.text) refers to ano_fcdata.o(.text) for data_save
    ano_dt.o(.text) refers to ano_parameter.o(.text) for PID_Rest
    ano_dt.o(.text) refers to ano_flightctrl.o(.text) for All_PID_Init
    ano_dt.o(.text) refers to ano_flyctrl.o(.text) for FlyCtrlDataAnl
    ano_dt.o(.text) refers to drv_icm20602.o(.bss) for sensor
    ano_dt.o(.text) refers to ano_magprocess.o(.data) for mag
    ano_dt.o(.text) refers to ano_dt.o(.data) for ano_dt_data_ok
    ano_dt.o(.text) refers to ano_of.o(.data) for OF_DX2
    ano_dt.o(.text) refers to drv_heating.o(.data) for temperature_ctrl_val
    ano_dt.o(.text) refers to ano_fcdata.o(.bss) for flag
    ano_dt.o(.text) refers to ano_motioncal.o(.bss) for wcz_hei_fus
    ano_dt.o(.text) refers to ano_imu.o(.data) for imu_data
    ano_dt.o(.text) refers to ano_locctrl.o(.bss) for loc_ctrl_1
    ano_dt.o(.text) refers to ano_flightdatacal.o(.data) for ref_tof_height
    ano_dt.o(.text) refers to ano_rc.o(.data) for chn_en_bit
    ano_dt.o(.text) refers to ano_rc.o(.bss) for CH_N
    ano_dt.o(.text) refers to ano_motorctrl.o(.data) for motor
[...]
    RCC_AHB2PeriphResetCmd                   0x08011e3b   Thumb Code    82  stm32f4xx_rcc.o(.text)
    RCC_AHB3PeriphResetCmd                   0x08011e8d   Thumb Code    82  stm32f4xx_rcc.o(.text)
    RCC_APB1PeriphResetCmd                   0x08011edf   Thumb Code    82  stm32f4xx_rcc.o(.text)
    RCC_APB2PeriphResetCmd                   0x08011f31   Thumb Code    82  stm32f4xx_rcc.o(.text)
    RCC_AHB1PeriphClockLPModeCmd             0x08011f83   Thumb Code    82  stm32f4xx_rcc.o(.text)
    RCC_AHB2PeriphClockLPModeCmd             0x08011fd5   Thumb Code    82  stm32f4xx_rcc.o(.text)
    RCC_AHB3PeriphClockLPModeCmd             0x08012027   Thumb Code    82  stm32f4xx_rcc.o(.text)
    RCC_APB1PeriphClockLPModeCmd             0x08012079   Thumb Code    82  stm32f4xx_rcc.o(.text)
    RCC_APB2PeriphClockLPModeCmd             0x080120cb   Thumb Code   106  stm32f4xx_rcc.o(.text)
    RCC_ITConfig                             0x08012135   Thumb Code    74  stm32f4xx_rcc.o(.text)
    RCC_ClearFlag                            0x0801217f   Thumb Code    18  stm32f4xx_rcc.o(.text)
    RCC_GetITStatus                          0x08012191   Thumb Code    68  stm32f4xx_rcc.o(.text)
    RCC_ClearITPendingBit                    0x080121d5   Thumb Code    34  stm32f4xx_rcc.o(.text)
    SPI_I2S_DeInit                           0x080121fd   Thumb Code   104  stm32f4xx_spi.o(.text)
    SPI_Init                                 0x08012265   Thumb Code   348  stm32f4xx_spi.o(.text)
    I2S_Init                                 0x080123c1   Thumb Code   508  stm32f4xx_spi.o(.text)
    SPI_StructInit                           0x080125bd   Thumb Code    24  stm32f4xx_spi.o(.text)
    I2S_StructInit                           0x080125d5   Thumb Code   104  stm32f4xx_spi.o(.text)
    SPI_Cmd                                  0x0801263d   Thumb Code    82  stm32f4xx_spi.o(.text)
    I2S_Cmd                                  0x0801268f   Thumb Code    88  stm32f4xx_spi.o(.text)
    SPI_DataSizeConfig                       0x080126e7   Thumb Code    78  stm32f4xx_spi.o(.text)
    SPI_BiDirectionalLineConfig              0x08012735   Thumb Code    94  stm32f4xx_spi.o(.text)
    SPI_NSSInternalSoftwareConfig            0x08012793   Thumb Code    96  stm32f4xx_spi.o(.text)
    SPI_SSOutputCmd                          0x080127f3   Thumb Code    82  stm32f4xx_spi.o(.text)
    SPI_TIModeCmd                            0x08012845   Thumb Code    82  stm32f4xx_spi.o(.text)
    I2S_FullDuplexConfig                     0x08012897   Thumb Code   258  stm32f4xx_spi.o(.text)
    SPI_I2S_ReceiveData                      0x08012999   Thumb Code    52  stm32f4xx_spi.o(.text)
    SPI_I2S_SendData                         0x080129cd   Thumb Code    54  stm32f4xx_spi.o(.text)
    SPI_CalculateCRC                         0x08012a03   Thumb Code    98  stm32f4xx_spi.o(.text)
    SPI_TransmitCRC                          0x08012a65   Thumb Code    46  stm32f4xx_spi.o(.text)
    SPI_GetCRC                               0x08012a93   Thumb Code    74  stm32f4xx_spi.o(.text)
    SPI_GetCRCPolynomial                     0x08012add   Thumb Code    40  stm32f4xx_spi.o(.text)
    SPI_I2S_DMACmd                           0x08012b05   Thumb Code   114  stm32f4xx_spi.o(.text)
    SPI_I2S_ITConfig                         0x08012b77   Thumb Code   138  stm32f4xx_spi.o(.text)
    SPI_I2S_GetFlagStatus                    0x08012c01   Thumb Code   120  stm32f4xx_spi.o(.text)
    SPI_I2S_ClearFlag                        0x08012c79   Thumb Code    74  stm32f4xx_spi.o(.text)
    SPI_I2S_GetITStatus                      0x08012cc3   Thumb Code   154  stm32f4xx_spi.o(.text)
    SPI_I2S_ClearITPendingBit                0x08012d5d   Thumb Code    86  stm32f4xx_spi.o(.text)
    SYSCFG_DeInit                            0x08012dc5   Thumb Code    22  stm32f4xx_syscfg.o(.text)
    SYSCFG_MemoryRemapConfig                 0x08012ddb   Thumb Code    34  stm32f4xx_syscfg.o(.text)
    SYSCFG_EXTILineConfig                    0x08012dfd   Thumb Code   186  stm32f4xx_syscfg.o(.text)
    SYSCFG_ETH_MediaInterfaceConfig          0x08012eb7   Thumb Code    26  stm32f4xx_syscfg.o(.text)
    SYSCFG_CompensationCellCmd               0x08012ed1   Thumb Code    26  stm32f4xx_syscfg.o(.text)
    SYSCFG_GetCompensationCellStatus         0x08012eeb   Thumb Code    22  stm32f4xx_syscfg.o(.text)
    TIM_DeInit                               0x08012f49   Thumb Code   440  stm32f4xx_tim.o(.text)
    TIM_TimeBaseInit                         0x08013101   Thumb Code   278  stm32f4xx_tim.o(.text)
    TIM_TimeBaseStructInit                   0x08013217   Thumb Code    18  stm32f4xx_tim.o(.text)
    TIM_PrescalerConfig                      0x08013229   Thumb Code   128  stm32f4xx_tim.o(.text)
    TIM_CounterModeConfig                    0x080132a9   Thumb Code   100  stm32f4xx_tim.o(.text)
    TIM_SetCounter                           0x0801330d   Thumb Code   222  stm32f4xx_tim.o(.text)
    TIM_SetAutoreload                        0x080133eb   Thumb Code   108  stm32f4xx_tim.o(.text)
    TIM_GetCounter                           0x08013457   Thumb Code   106  stm32f4xx_tim.o(.text)
    TIM_GetPrescaler                         0x080134c1   Thumb Code   106  stm32f4xx_tim.o(.text)
    TIM_UpdateDisableConfig                  0x0801352b   Thumb Code   148  stm32f4xx_tim.o(.text)
    TIM_UpdateRequestConfig                  0x080135bf   Thumb Code   148  stm32f4xx_tim.o(.text)
    TIM_ARRPreloadConfig                     0x08013653   Thumb Code   148  stm32f4xx_tim.o(.text)
    TIM_SelectOnePulseMode                   0x080136e7   Thumb Code   142  stm32f4xx_tim.o(.text)
    TIM_SetClockDivision                     0x08013775   Thumb Code   192  stm32f4xx_tim.o(.text)
    TIM_Cmd                                  0x08013835   Thumb Code   148  stm32f4xx_tim.o(.text)
    TIM_OC1Init                              0x080138c9   Thumb Code   416  stm32f4xx_tim.o(.text)
    TIM_OC2Init                              0x08013a69   Thumb Code   486  stm32f4xx_tim.o(.text)
    TIM_OC3Init                              0x08013c4f   Thumb Code   416  stm32f4xx_tim.o(.text)
    TIM_OC4Init                              0x08013def   Thumb Code   300  stm32f4xx_tim.o(.text)
    TIM_OCStructInit                         0x08013f1b   Thumb Code    20  stm32f4xx_tim.o(.text)
    TIM_SelectOCxM                           0x08013f2f   Thumb Code   256  stm32f4xx_tim.o(.text)
    TIM_SetCompare1                          0x0801402f   Thumb Code   142  stm32f4xx_tim.o(.text)
    TIM_SetCompare2                          0x080140bd   Thumb Code    72  stm32f4xx_tim.o(.text)
    TIM_SetCompare3                          0x08014105   Thumb Code    60  stm32f4xx_tim.o(.text)
    TIM_SetCompare4                          0x08014141   Thumb Code    60  stm32f4xx_tim.o(.text)
    TIM_ForcedOC1Config                      0x0801417d   Thumb Code   130  stm32f4xx_tim.o(.text)
    TIM_ForcedOC2Config                      0x080141ff   Thumb Code   114  stm32f4xx_tim.o(.text)
    TIM_ForcedOC3Config                      0x08014271   Thumb Code    94  stm32f4xx_tim.o(.text)
    TIM_ForcedOC4Config                      0x080142cf   Thumb Code   102  stm32f4xx_tim.o(.text)
    TIM_OC1PreloadConfig                     0x08014335   Thumb Code   124  stm32f4xx_tim.o(.text)
    TIM_OC2PreloadConfig                     0x080143b1   Thumb Code   108  stm32f4xx_tim.o(.text)
    TIM_OC3PreloadConfig                     0x0801441d   Thumb Code   136  stm32f4xx_tim.o(.text)
    TIM_OC4PreloadConfig                     0x080144a5   Thumb Code    96  stm32f4xx_tim.o(.text)
    TIM_OC1FastConfig                        0x08014505   Thumb Code   124  stm32f4xx_tim.o(.text)
    TIM_OC2FastConfig                        0x08014581   Thumb Code   108  stm32f4xx_tim.o(.text)
    TIM_OC3FastConfig                        0x080145ed   Thumb Code    88  stm32f4xx_tim.o(.text)
    TIM_OC4FastConfig                        0x08014645   Thumb Code    96  stm32f4xx_tim.o(.text)
    TIM_ClearOC1Ref                          0x080146a5   Thumb Code   124  stm32f4xx_tim.o(.text)
    TIM_ClearOC2Ref                          0x08014721   Thumb Code   106  stm32f4xx_tim.o(.text)
    TIM_ClearOC3Ref                          0x0801478b   Thumb Code    88  stm32f4xx_tim.o(.text)
    TIM_ClearOC4Ref                          0x080147e3   Thumb Code    94  stm32f4xx_tim.o(.text)
    TIM_OC1PolarityConfig                    0x08014841   Thumb Code   174  stm32f4xx_tim.o(.text)
    TIM_OC1NPolarityConfig                   0x080148ef   Thumb Code    64  stm32f4xx_tim.o(.text)
    TIM_OC2PolarityConfig                    0x0801492f   Thumb Code   108  stm32f4xx_tim.o(.text)
    TIM_OC2NPolarityConfig                   0x0801499b   Thumb Code    72  stm32f4xx_tim.o(.text)
    TIM_OC3PolarityConfig                    0x080149e3   Thumb Code    96  stm32f4xx_tim.o(.text)
    TIM_OC3NPolarityConfig                   0x08014a43   Thumb Code    72  stm32f4xx_tim.o(.text)
    TIM_OC4PolarityConfig                    0x08014a8b   Thumb Code    96  stm32f4xx_tim.o(.text)
    TIM_CCxCmd                               0x08014aeb   Thumb Code   168  stm32f4xx_tim.o(.text)
    TIM_CCxNCmd                              0x08014b93   Thumb Code   104  stm32f4xx_tim.o(.text)
    TIM_SetIC4Prescaler                      0x08014bfb   Thumb Code   106  stm32f4xx_tim.o(.text)
    TIM_SetIC3Prescaler                      0x08014ce5   Thumb Code    98  stm32f4xx_tim.o(.text)
    TIM_SetIC2Prescaler                      0x08014d8f   Thumb Code   118  stm32f4xx_tim.o(.text)
    TIM_SetIC1Prescaler                      0x08014e55   Thumb Code   134  stm32f4xx_tim.o(.text)
    TIM_ICInit                               0x08014f15   Thumb Code   508  stm32f4xx_tim.o(.text)
    TIM_ICStructInit                         0x08015111   Thumb Code    18  stm32f4xx_tim.o(.text)
    TIM_PWMIConfig                           0x08015123   Thumb Code   184  stm32f4xx_tim.o(.text)
    TIM_GetCapture1                          0x080151db   Thumb Code    92  stm32f4xx_tim.o(.text)
    TIM_GetCapture2                          0x08015237   Thumb Code    68  stm32f4xx_tim.o(.text)
    TIM_GetCapture3                          0x0801527b   Thumb Code    56  stm32f4xx_tim.o(.text)
    TIM_GetCapture4                          0x080152b3   Thumb Code    56  stm32f4xx_tim.o(.text)
    TIM_BDTRConfig                           0x080152eb   Thumb Code   222  stm32f4xx_tim.o(.text)
    TIM_BDTRStructInit                       0x080153c9   Thumb Code    18  stm32f4xx_tim.o(.text)
    TIM_CtrlPWMOutputs                       0x080153db   Thumb Code    78  stm32f4xx_tim.o(.text)
    TIM_SelectCOM                            0x08015429   Thumb Code    72  stm32f4xx_tim.o(.text)
    TIM_CCPreloadControl                     0x08015471   Thumb Code    72  stm32f4xx_tim.o(.text)
    TIM_ITConfig                             0x080154b9   Thumb Code   218  stm32f4xx_tim.o(.text)
    TIM_GenerateEvent                        0x08015593   Thumb Code   126  stm32f4xx_tim.o(.text)
    TIM_GetFlagStatus                        0x08015611   Thumb Code   188  stm32f4xx_tim.o(.text)
    TIM_ClearFlag                            0x080156cd   Thumb Code   108  stm32f4xx_tim.o(.text)
    TIM_GetITStatus                          0x08015739   Thumb Code   186  stm32f4xx_tim.o(.text)
    TIM_ClearITPendingBit                    0x080157f3   Thumb Code   108  stm32f4xx_tim.o(.text)
    TIM_DMAConfig                            0x0801585f   Thumb Code   334  stm32f4xx_tim.o(.text)
    TIM_DMACmd                               0x080159ad   Thumb Code   126  stm32f4xx_tim.o(.text)
    TIM_SelectCCDMA                          0x08015a2b   Thumb Code    96  stm32f4xx_tim.o(.text)
    TIM_InternalClockConfig                  0x08015a8b   Thumb Code    76  stm32f4xx_tim.o(.text)
    TIM_SelectInputTrigger                   0x08015ad7   Thumb Code   148  stm32f4xx_tim.o(.text)
    TIM_ITRxExternalClockConfig              0x08015b6b   Thumb Code   110  stm32f4xx_tim.o(.text)
    TIM_TIxExternalClockConfig               0x08015bd9   Thumb Code   184  stm32f4xx_tim.o(.text)
    TIM_ETRConfig                            0x08015c91   Thumb Code   164  stm32f4xx_tim.o(.text)
    TIM_ETRClockMode1Config                  0x08015d35   Thumb Code   228  stm32f4xx_tim.o(.text)
    TIM_ETRClockMode2Config                  0x08015e19   Thumb Code   152  stm32f4xx_tim.o(.text)
    TIM_SelectOutputTrigger                  0x08015eb1   Thumb Code   126  stm32f4xx_tim.o(.text)
    TIM_SelectSlaveMode                      0x08015f2f   Thumb Code   112  stm32f4xx_tim.o(.text)
    TIM_SelectMasterSlaveMode                0x08015f9f   Thumb Code   102  stm32f4xx_tim.o(.text)
    TIM_EncoderInterfaceConfig               0x08016005   Thumb Code   226  stm32f4xx_tim.o(.text)
    TIM_SelectHallSensor                     0x080160e7   Thumb Code   108  stm32f4xx_tim.o(.text)
    TIM_RemapConfig                          0x08016153   Thumb Code   138  stm32f4xx_tim.o(.text)
    USART_DeInit                             0x080161dd   Thumb Code   202  stm32f4xx_usart.o(.text)
    USART_Init                               0x080162a7   Thumb Code   456  stm32f4xx_usart.o(.text)
    USART_StructInit                         0x0801646f   Thumb Code    24  stm32f4xx_usart.o(.text)
    USART_ClockInit                          0x08016487   Thumb Code   166  stm32f4xx_usart.o(.text)
    USART_ClockStructInit                    0x0801652d   Thumb Code    12  stm32f4xx_usart.o(.text)
    USART_Cmd                                0x08016539   Thumb Code    96  stm32f4xx_usart.o(.text)
    USART_SetPrescaler                       0x08016599   Thumb Code   160  stm32f4xx_usart.o(.text)
    USART_OverSampling8Cmd                   0x08016639   Thumb Code    98  stm32f4xx_usart.o(.text)
    USART_OneBitMethodCmd                    0x0801669b   Thumb Code   100  stm32f4xx_usart.o(.text)
    USART_SendData                           0x080166ff   Thumb Code    84  stm32f4xx_usart.o(.text)
    USART_ReceiveData                        0x08016753   Thumb Code    62  stm32f4xx_usart.o(.text)
    USART_SetAddress                         0x08016791   Thumb Code    92  stm32f4xx_usart.o(.text)
    USART_ReceiverWakeUpCmd                  0x080167ed   Thumb Code   100  stm32f4xx_usart.o(.text)
    USART_WakeUpConfig                       0x08016851   Thumb Code    96  stm32f4xx_usart.o(.text)
    USART_LINBreakDetectLengthConfig         0x080168b1   Thumb Code    94  stm32f4xx_usart.o(.text)
    USART_LINCmd                             0x0801690f   Thumb Code   100  stm32f4xx_usart.o(.text)
    USART_SendBreak                          0x08016973   Thumb Code    64  stm32f4xx_usart.o(.text)
    USART_HalfDuplexCmd                      0x080169b3   Thumb Code   100  stm32f4xx_usart.o(.text)
    USART_SetGuardTime                       0x08016a17   Thumb Code    86  stm32f4xx_usart.o(.text)
    USART_SmartCardCmd                       0x08016a6d   Thumb Code    88  stm32f4xx_usart.o(.text)
    USART_SmartCardNACKCmd                   0x08016ac5   Thumb Code    88  stm32f4xx_usart.o(.text)
    USART_IrDAConfig                         0x08016b1d   Thumb Code    94  stm32f4xx_usart.o(.text)
    USART_IrDACmd                            0x08016b7b   Thumb Code   100  stm32f4xx_usart.o(.text)
    USART_DMACmd                             0x08016bdf   Thumb Code   120  stm32f4xx_usart.o(.text)
    USART_ITConfig                           0x08016c57   Thumb Code   268  stm32f4xx_usart.o(.text)
    USART_GetFlagStatus                      0x08016d63   Thumb Code   176  stm32f4xx_usart.o(.text)
    USART_ClearFlag                          0x08016e13   Thumb Code   160  stm32f4xx_usart.o(.text)
    USART_GetITStatus                        0x08016eb3   Thumb Code   284  stm32f4xx_usart.o(.text)
    USART_ClearITPendingBit                  0x08016fcf   Thumb Code   170  stm32f4xx_usart.o(.text)
    SystemInit                               0x0801716d   Thumb Code    88  system_stm32f4xx.o(.text)
    SystemCoreClockUpdate                    0x080171c5   Thumb Code   174  system_stm32f4xx.o(.text)
    Reset_Handler                            0x080172a1   Thumb Code     8  startup_stm32f4xx.o(.text)
    HardFault_Handler                        0x080172ab   Thumb Code     2  startup_stm32f4xx.o(.text)
    PendSV_Handler                           0x080172b7   Thumb Code     2  startup_stm32f4xx.o(.text)
    ADC_IRQHandler                           0x080172bb   Thumb Code     0  startup_stm32f4xx.o(.text)
    CAN1_RX0_IRQHandler                      0x080172bb   Thumb Code     0  startup_stm32f4xx.o(.text)
    CAN1_RX1_IRQHandler                      0x080172bb   Thumb Code     0  startup_stm32f4xx.o(.text)
    CAN1_SCE_IRQHandler                      0x080172bb   Thumb Code     0  startup_stm32f4xx.o(.text)
    CAN1_TX_IRQHandler                       0x080172bb   Thumb Code     0  startup_stm32f4xx.o(.text)
    CAN2_RX0_IRQHandler                      0x080172bb   Thumb Code     0  startup_stm32f4xx.o(.text)
    CAN2_RX1_IRQHandler                      0x080172bb   Thumb Code     0  startup_stm32f4xx.o(.text)
    CAN2_SCE_IRQHandler                      0x080172bb   Thumb Code     0  startup_stm32f4xx.o(.text)
    CAN2_TX_IRQHandler                       0x080172bb   Thumb Code     0  startup_stm32f4xx.o(.text)
    CRYP_IRQHandler                          0x080172bb   Thumb Code     0  startup_stm32f4xx.o(.text)
    DCMI_IRQHandler                          0x080172bb   Thumb Code     0  startup_stm32f4xx.o(.text)
    DMA1_Stream0_IRQHandler                  0x080172bb   Thumb Code     0  startup_stm32f4xx.o(.text)
    DMA1_Stream1_IRQHandler                  0x080172bb   Thumb Code     0  startup_stm32f4xx.o(.text)
    DMA1_Stream2_IRQHandler                  0x080172bb   Thumb Code     0  startup_stm32f4xx.o(.text)
    DMA1_Stream3_IRQHandler                  0x080172bb   Thumb Code     0  startup_stm32f4xx.o(.text)
    DMA1_Stream4_IRQHandler                  0x080172bb   Thumb Code     0  startup_stm32f4xx.o(.text)
    DMA1_Stream5_IRQHandler                  0x080172bb   Thumb Code     0  startup_stm32f4xx.o(.text)
    DMA1_Stream6_IRQHandler                  0x080172bb   Thumb Code     0  startup_stm32f4xx.o(.text)
    DMA1_Stream7_IRQHandler                  0x080172bb   Thumb Code     0  startup_stm32f4xx.o(.text)
    DMA2_Stream0_IRQHandler                  0x080172bb   Thumb Code     0  startup_stm32f4xx.o(.text)
    DMA2_Stream1_IRQHandler                  0x080172bb   Thumb Code     0  startup_stm32f4xx.o(.text)
    DMA2_Stream2_IRQHandler                  0x080172bb   Thumb Code     0  startup_stm32f4xx.o(.text)
    DMA2_Stream3_IRQHandler                  0x080172bb   Thumb Code     0  startup_stm32f4xx.o(.text)
    DMA2_Stream4_IRQHandler                  0x080172bb   Thumb Code     0  startup_stm32f4xx.o(.text)
    DMA2_Stream5_IRQHandler                  0x080172bb   Thumb Code     0  startup_stm32f4xx.o(.text)
    DMA2_Stream6_IRQHandler                  0x080172bb   Thumb Code     0  startup_stm32f4xx.o(.text)
    DMA2_Stream7_IRQHandler                  0x080172bb   Thumb Code     0  startup_stm32f4xx.o(.text)
    ETH_IRQHandler                           0x080172bb   Thumb Code     0  startup_stm32f4xx.o(.text)
    ETH_WKUP_IRQHandler                      0x080172bb   Thumb Code     0  startup_stm32f4xx.o(.text)
    EXTI0_IRQHandler                         0x080172bb   Thumb Code     0  startup_stm32f4xx.o(.text)
    EXTI15_10_IRQHandler                     0x080172bb   Thumb Code     0  startup_stm32f4xx.o(.text)
    EXTI1_IRQHandler                         0x080172bb   Thumb Code     0  startup_stm32f4xx.o(.text)
    EXTI2_IRQHandler                         0x080172bb   Thumb Code     0  startup_stm32f4xx.o(.text)
    EXTI3_IRQHandler                         0x080172bb   Thumb Code     0  startup_stm32f4xx.o(.text)
    EXTI4_IRQHandler                         0x080172bb   Thumb Code     0  startup_stm32f4xx.o(.text)
    FLASH_IRQHandler                         0x080172bb   Thumb Code     0  startup_stm32f4xx.o(.text)
    FPU_IRQHandler                           0x080172bb   Thumb Code     0  startup_stm32f4xx.o(.text)
    FSMC_IRQHandler                          0x080172bb   Thumb Code     0  startup_stm32f4xx.o(.text)
    HASH_RNG_IRQHandler                      0x080172bb   Thumb Code     0  startup_stm32f4xx.o(.text)
    I2C1_ER_IRQHandler                       0x080172bb   Thumb Code     0  startup_stm32f4xx.o(.text)
    I2C1_EV_IRQHandler                       0x080172bb   Thumb Code     0  startup_stm32f4xx.o(.text)
    I2C2_ER_IRQHandler                       0x080172bb   Thumb Code     0  startup_stm32f4xx.o(.text)
    I2C2_EV_IRQHandler                       0x080172bb   Thumb Code     0  startup_stm32f4xx.o(.text)
    I2C3_ER_IRQHandler                       0x080172bb   Thumb Code     0  startup_stm32f4xx.o(.text)
    I2C3_EV_IRQHandler                       0x080172bb   Thumb Code     0  startup_stm32f4xx.o(.text)
    OTG_FS_WKUP_IRQHandler                   0x080172bb   Thumb Code     0  startup_stm32f4xx.o(.text)
    OTG_HS_EP1_IN_IRQHandler                 0x080172bb   Thumb Code     0  startup_stm32f4xx.o(.text)
    OTG_HS_EP1_OUT_IRQHandler                0x080172bb   Thumb Code     0  startup_stm32f4xx.o(.text)
    OTG_HS_IRQHandler                        0x080172bb   Thumb Code     0  startup_stm32f4xx.o(.text)
    OTG_HS_WKUP_IRQHandler                   0x080172bb   Thumb Code     0  startup_stm32f4xx.o(.text)
    PVD_IRQHandler                           0x080172bb   Thumb Code     0  startup_stm32f4xx.o(.text)
    RCC_IRQHandler                           0x080172bb   Thumb Code     0  startup_stm32f4xx.o(.text)
    RTC_Alarm_IRQHandler                     0x080172bb   Thumb Code     0  startup_stm32f4xx.o(.text)
    RTC_WKUP_IRQHandler                      0x080172bb   Thumb Code     0  startup_stm32f4xx.o(.text)
    SDIO_IRQHandler                          0x080172bb   Thumb Code     0  startup_stm32f4xx.o(.text)
    SPI1_IRQHandler                          0x080172bb   Thumb Code     0  startup_stm32f4xx.o(.text)
    SPI2_IRQHandler                          0x080172bb   Thumb Code     0  startup_stm32f4xx.o(.text)
    SPI3_IRQHandler                          0x080172bb   Thumb Code     0  startup_stm32f4xx.o(.text)
    TAMP_STAMP_IRQHandler                    0x080172bb   Thumb Code     0  startup_stm32f4xx.o(.text)
    TIM1_BRK_TIM9_IRQHandler                 0x080172bb   Thumb Code     0  startup_stm32f4xx.o(.text)
    TIM1_CC_IRQHandler                       0x080172bb   Thumb Code     0  startup_stm32f4xx.o(.text)
    TIM1_TRG_COM_TIM11_IRQHandler            0x080172bb   Thumb Code     0  startup_stm32f4xx.o(.text)
    TIM1_UP_TIM10_IRQHandler                 0x080172bb   Thumb Code     0  startup_stm32f4xx.o(.text)
    TIM2_IRQHandler                          0x080172bb   Thumb Code     0  startup_stm32f4xx.o(.text)
    TIM5_IRQHandler                          0x080172bb   Thumb Code     0  startup_stm32f4xx.o(.text)
    TIM6_DAC_IRQHandler                      0x080172bb   Thumb Code     0  startup_stm32f4xx.o(.text)
    TIM7_IRQHandler                          0x080172bb   Thumb Code     0  startup_stm32f4xx.o(.text)
    TIM8_BRK_TIM12_IRQHandler                0x080172bb   Thumb Code     0  startup_stm32f4xx.o(.text)
    TIM8_CC_IRQHandler                       0x080172bb   Thumb Code     0  startup_stm32f4xx.o(.text)
    TIM8_TRG_COM_TIM14_IRQHandler            0x080172bb   Thumb Code     0  startup_stm32f4xx.o(.text)
    TIM8_UP_TIM13_IRQHandler                 0x080172bb   Thumb Code     0  startup_stm32f4xx.o(.text)
    USART3_IRQHandler                        0x080172bb   Thumb Code     0  startup_stm32f4xx.o(.text)
    WWDG_IRQHandler                          0x080172bb   Thumb Code     0  startup_stm32f4xx.o(.text)
    usbd_init                                0x080172c5   Thumb Code    22  usbd_core.o(.text)
    usbd_connect                             0x080172db   Thumb Code    12  usbd_core.o(.text)
    usbd_reset_core                          0x080172e7   Thumb Code    38  usbd_core.o(.text)
    usbd_configured                          0x0801730d   Thumb Code    14  usbd_core.o(.text)
    USBD_SetupStage                          0x0801731b   Thumb Code    12  usbd_core.o(.text)
    USBD_DataInStage                         0x08017327   Thumb Code    66  usbd_core.o(.text)
    USBD_DataOutStage                        0x08017369   Thumb Code    34  usbd_core.o(.text)
    USBD_StatusInStage                       0x0801738b   Thumb Code    14  usbd_core.o(.text)
    USBD_StatusOutStage                      0x08017399   Thumb Code    12  usbd_core.o(.text)
    USBD_ReqGetStatus                        0x080173a5   Thumb Code   160  usbd_core.o(.text)
    USBD_ReqSetClrFeature                    0x08017445   Thumb Code   216  usbd_core.o(.text)
    USBD_ReqGetDescriptor                    0x0801751d   Thumb Code   380  usbd_core.o(.text)
    USBD_ReqGetConfiguration                 0x08017699   Thumb Code   122  usbd_core.o(.text)
    USBD_ReqSetConfiguration                 0x08017713   Thumb Code   432  usbd_core.o(.text)
    USBD_ReqGetInterface                     0x080178c3   Thumb Code    60  usbd_core.o(.text)
    USBD_ReqSetInterface                     0x080178ff   Thumb Code   308  usbd_core.o(.text)
    USBD_EndPoint0                           0x08017a33   Thumb Code   680  usbd_core.o(.text)
    USBD_ReqGetDescriptor_HID                0x08017cf5   Thumb Code   132  usbd_core_hid.o(.text)
    USBD_EndPoint0_Setup_HID_ReqToIF         0x08017d79   Thumb Code   200  usbd_core_hid.o(.text)
    USBD_EndPoint0_Out_HID_ReqToIF           0x08017e41   Thumb Code    44  usbd_core_hid.o(.text)
    usbd_hid_init                            0x08017ea5   Thumb Code     2  usbd_hid.o(.text)
    usbd_hid_get_protocol                    0x08017eb5   Thumb Code     4  usbd_hid.o(.text)
    usbd_hid_set_protocol                    0x08017eb9   Thumb Code     2  usbd_hid.o(.text)
    USBD_HID_GetReport                       0x08017ebb   Thumb Code    54  usbd_hid.o(.text)
    USBD_HID_SetReport                       0x08017ef1   Thumb Code    58  usbd_hid.o(.text)
    USBD_HID_GetIdle                         0x08017f2b   Thumb Code    16  usbd_hid.o(.text)
    USBD_HID_SetIdle                         0x08017f3b   Thumb Code    48  usbd_hid.o(.text)
    USBD_HID_GetProtocol                     0x08017f6b   Thumb Code    14  usbd_hid.o(.text)
    USBD_HID_SetProtocol                     0x08017f79   Thumb Code    14  usbd_hid.o(.text)
    USBD_HID_EP_INTIN_Event                  0x08017f87   Thumb Code   422  usbd_hid.o(.text)
    USBD_HID_EP_INTOUT_Event                 0x0801812d   Thumb Code   148  usbd_hid.o(.text)
    USBD_HID_Configure_Event                 0x080181c1   Thumb Code    48  usbd_hid.o(.text)
    USBD_HID_EP_INT_Event                    0x080181f1   Thumb Code    30  usbd_hid.o(.text)
    USBD_HID_SOF_Event                       0x0801820f   Thumb Code   460  usbd_hid.o(.text)
    usbd_hid_get_report_trigger              0x080183db   Thumb Code   148  usbd_hid.o(.text)
    VL53L0X_GetVersion                       0x080184a9   Thumb Code    24  vl53l0x_api.o(.text)
    VL53L0X_GetPalSpecVersion                0x080184c1   Thumb Code    24  vl53l0x_api.o(.text)
    VL53L0X_GetProductRevision               0x080184d9   Thumb Code    38  vl53l0x_api.o(.text)
    VL53L0X_GetDeviceInfo                    0x080184ff   Thumb Code    22  vl53l0x_api.o(.text)
    VL53L0X_GetDeviceErrorStatus             0x08018515   Thumb Code    34  vl53l0x_api.o(.text)
    VL53L0X_GetDeviceErrorString             0x08018537   Thumb Code    22  vl53l0x_api.o(.text)
    VL53L0X_GetRangeStatusString             0x0801854d   Thumb Code    22  vl53l0x_api.o(.text)
    VL53L0X_GetPalErrorString                0x08018563   Thumb Code    22  vl53l0x_api.o(.text)
    VL53L0X_GetPalStateString                0x08018579   Thumb Code    22  vl53l0x_api.o(.text)
    VL53L0X_GetPalState                      0x0801858f   Thumb Code    12  vl53l0x_api.o(.text)
    VL53L0X_GetSequenceStepTimeout           0x0801859b   Thumb Code    82  vl53l0x_api.o(.text)
    VL53L0X_GetVcselPulsePeriod              0x080185ed   Thumb Code    30  vl53l0x_api.o(.text)
    VL53L0X_SetMeasurementTimingBudgetMicroSeconds 0x0801860b   Thumb Code    22  vl53l0x_api.o(.text)
    VL53L0X_SetSequenceStepEnable            0x08018621   Thumb Code   196  vl53l0x_api.o(.text)
    VL53L0X_GetFractionEnable                0x080186e5   Thumb Code    34  vl53l0x_api.o(.text)
    VL53L0X_GetMeasurementTimingBudgetMicroSeconds 0x08018707   Thumb Code    22  vl53l0x_api.o(.text)
    VL53L0X_GetWrapAroundCheckEnable         0x0801871d   Thumb Code    62  vl53l0x_api.o(.text)
    VL53L0X_GetLimitCheckEnable              0x0801875b   Thumb Code    28  vl53l0x_api.o(.text)
    VL53L0X_GetLimitCheckValue               0x08018777   Thumb Code   182  vl53l0x_api.o(.text)
    VL53L0X_GetOffsetCalibrationDataMicroMeter 0x0801882d   Thumb Code    22  vl53l0x_api.o(.text)
    VL53L0X_GetXTalkCompensationRateMegaCps  0x08018843   Thumb Code    56  vl53l0x_api.o(.text)
    VL53L0X_GetInterMeasurementPeriodMilliSeconds 0x0801887b   Thumb Code    62  vl53l0x_api.o(.text)
    VL53L0X_GetDeviceMode                    0x080188b9   Thumb Code    10  vl53l0x_api.o(.text)
    VL53L0X_GetDeviceParameters              0x080188c3   Thumb Code   160  vl53l0x_api.o(.text)
    VL53L0X_ClearInterruptMask               0x08018963   Thumb Code    82  vl53l0x_api.o(.text)
    VL53L0X_SetGpioConfig                    0x080189b5   Thumb Code   358  vl53l0x_api.o(.text)
    VL53L0X_StaticInit                       0x08018b1b   Thumb Code   410  vl53l0x_api.o(.text)
    VL53L0X_SetPowerMode                     0x08018cb5   Thumb Code    84  vl53l0x_api.o(.text)
    VL53L0X_GetPowerMode                     0x08018d09   Thumb Code    48  vl53l0x_api.o(.text)
    VL53L0X_SetOffsetCalibrationDataMicroMeter 0x08018d39   Thumb Code    22  vl53l0x_api.o(.text)
    VL53L0X_SetLinearityCorrectiveGain       0x08018d4f   Thumb Code    50  vl53l0x_api.o(.text)
    VL53L0X_GetLinearityCorrectiveGain       0x08018d81   Thumb Code    12  vl53l0x_api.o(.text)
    VL53L0X_SetGroupParamHold                0x08018d8d   Thumb Code     8  vl53l0x_api.o(.text)
    VL53L0X_GetUpperLimitMilliMeter          0x08018d95   Thumb Code     8  vl53l0x_api.o(.text)
    VL53L0X_GetTotalSignalRate               0x08018d9d   Thumb Code    40  vl53l0x_api.o(.text)
    VL53L0X_SetDeviceAddress                 0x08018dc5   Thumb Code    36  vl53l0x_api.o(.text)
    VL53L0X_SetLimitCheckValue               0x08018de9   Thumb Code   118  vl53l0x_api.o(.text)
    VL53L0X_SetLimitCheckEnable              0x08018e5f   Thumb Code   194  vl53l0x_api.o(.text)
    VL53L0X_DataInit                         0x08018f21   Thumb Code   406  vl53l0x_api.o(.text)
    VL53L0X_SetTuningSettingBuffer           0x080190b7   Thumb Code    40  vl53l0x_api.o(.text)
    VL53L0X_GetTuningSettingBuffer           0x080190df   Thumb Code    20  vl53l0x_api.o(.text)
    VL53L0X_WaitDeviceBooted                 0x080190f3   Thumb Code     8  vl53l0x_api.o(.text)
    VL53L0X_ResetDevice                      0x080190fb   Thumb Code    90  vl53l0x_api.o(.text)
    VL53L0X_SetWrapAroundCheckEnable         0x08019155   Thumb Code    80  vl53l0x_api.o(.text)
    VL53L0X_SetXTalkCompensationRateMegaCps  0x080191a5   Thumb Code    64  vl53l0x_api.o(.text)
    VL53L0X_SetInterMeasurementPeriodMilliSeconds 0x080191e5   Thumb Code    60  vl53l0x_api.o(.text)
    VL53L0X_SetDeviceMode                    0x08019221   Thumb Code    50  vl53l0x_api.o(.text)
    VL53L0X_SetDeviceParameters              0x08019253   Thumb Code   146  vl53l0x_api.o(.text)
    VL53L0X_SetRangeFractionEnable           0x080192e5   Thumb Code    30  vl53l0x_api.o(.text)
    VL53L0X_SetHistogramMode                 0x08019303   Thumb Code     8  vl53l0x_api.o(.text)
    VL53L0X_GetHistogramMode                 0x0801930b   Thumb Code     8  vl53l0x_api.o(.text)
    VL53L0X_SetVcselPulsePeriod              0x08019313   Thumb Code    42  vl53l0x_api.o(.text)
    sequence_step_enabled                    0x0801933d   Thumb Code    72  vl53l0x_api.o(.text)
    VL53L0X_GetSequenceStepEnable            0x08019385   Thumb Code    48  vl53l0x_api.o(.text)
    VL53L0X_GetSequenceStepEnables           0x080193b5   Thumb Code   118  vl53l0x_api.o(.text)
    VL53L0X_GetNumberOfSequenceSteps         0x0801942b   Thumb Code    10  vl53l0x_api.o(.text)
    VL53L0X_GetSequenceStepsInfo             0x08019435   Thumb Code    22  vl53l0x_api.o(.text)
    VL53L0X_SetSequenceStepTimeout           0x0801944b   Thumb Code   110  vl53l0x_api.o(.text)
    VL53L0X_SetXTalkCompensationEnable       0x080194b9   Thumb Code    62  vl53l0x_api.o(.text)
    VL53L0X_GetXTalkCompensationEnable       0x080194f7   Thumb Code    12  vl53l0x_api.o(.text)
    VL53L0X_SetRefCalibration                0x08019503   Thumb Code    30  vl53l0x_api.o(.text)
    VL53L0X_GetRefCalibration                0x08019521   Thumb Code    30  vl53l0x_api.o(.text)
    VL53L0X_GetNumberOfLimitCheck            0x0801953f   Thumb Code    10  vl53l0x_api.o(.text)
    VL53L0X_GetLimitCheckInfo                0x08019549   Thumb Code    30  vl53l0x_api.o(.text)
    VL53L0X_GetLimitCheckStatus              0x08019567   Thumb Code    24  vl53l0x_api.o(.text)
    VL53L0X_GetLimitCheckCurrent             0x0801957f   Thumb Code   136  vl53l0x_api.o(.text)
    VL53L0X_SetDmaxCalParameters             0x08019607   Thumb Code    62  vl53l0x_api.o(.text)
    VL53L0X_GetDmaxCalParameters             0x08019645   Thumb Code    20  vl53l0x_api.o(.text)
    VL53L0X_GetInterruptThresholds           0x08019659   Thumb Code    66  vl53l0x_api.o(.text)
    VL53L0X_CheckAndLoadInterruptSettings    0x0801969b   Thumb Code   126  vl53l0x_api.o(.text)
    VL53L0X_StartMeasurement                 0x08019719   Thumb Code   264  vl53l0x_api.o(.text)
    VL53L0X_PerformSingleMeasurement         0x08019821   Thumb Code    60  vl53l0x_api.o(.text)
    VL53L0X_PerformSingleHistogramMeasurement 0x0801985d   Thumb Code     8  vl53l0x_api.o(.text)
    VL53L0X_PerformRefCalibration            0x08019865   Thumb Code    32  vl53l0x_api.o(.text)
    VL53L0X_PerformXTalkMeasurement          0x08019885   Thumb Code    10  vl53l0x_api.o(.text)
    VL53L0X_PerformXTalkCalibration          0x0801988f   Thumb Code    30  vl53l0x_api.o(.text)
    VL53L0X_PerformOffsetCalibration         0x080198ad   Thumb Code    30  vl53l0x_api.o(.text)
    VL53L0X_StopMeasurement                  0x080198cb   Thumb Code   102  vl53l0x_api.o(.text)
    VL53L0X_GetInterruptMaskStatus           0x08019931   Thumb Code    48  vl53l0x_api.o(.text)
    VL53L0X_GetMeasurementDataReady          0x08019961   Thumb Code    86  vl53l0x_api.o(.text)
    VL53L0X_WaitDeviceReadyForNewMeasurement 0x080199b7   Thumb Code     8  vl53l0x_api.o(.text)
    VL53L0X_GetRangingMeasurementData        0x080199bf   Thumb Code   372  vl53l0x_api.o(.text)
    VL53L0X_GetMeasurementRefSignal          0x08019b33   Thumb Code    12  vl53l0x_api.o(.text)
    VL53L0X_GetHistogramMeasurementData      0x08019b3f   Thumb Code     8  vl53l0x_api.o(.text)
    VL53L0X_PerformSingleRangingMeasurement  0x08019b47   Thumb Code    56  vl53l0x_api.o(.text)
    VL53L0X_SetNumberOfROIZones              0x08019b7f   Thumb Code    12  vl53l0x_api.o(.text)
    VL53L0X_GetNumberOfROIZones              0x08019b8b   Thumb Code    10  vl53l0x_api.o(.text)
    VL53L0X_GetMaxNumberOfROIZones           0x08019b95   Thumb Code    10  vl53l0x_api.o(.text)
    VL53L0X_GetGpioConfig                    0x08019b9f   Thumb Code   160  vl53l0x_api.o(.text)
    VL53L0X_SetInterruptThresholds           0x08019c3f   Thumb Code    54  vl53l0x_api.o(.text)
    VL53L0X_GetStopCompletedStatus           0x08019c75   Thumb Code   154  vl53l0x_api.o(.text)
    VL53L0X_EnableInterruptMask              0x08019d0f   Thumb Code     8  vl53l0x_api.o(.text)
    VL53L0X_SetSpadAmbientDamperThreshold    0x08019d17   Thumb Code    48  vl53l0x_api.o(.text)
    VL53L0X_GetSpadAmbientDamperThreshold    0x08019d47   Thumb Code    48  vl53l0x_api.o(.text)
    VL53L0X_SetSpadAmbientDamperFactor       0x08019d77   Thumb Code    54  vl53l0x_api.o(.text)
    VL53L0X_GetSpadAmbientDamperFactor       0x08019dad   Thumb Code    54  vl53l0x_api.o(.text)
    VL53L0X_SetReferenceSpads                0x08019de3   Thumb Code    30  vl53l0x_api.o(.text)
    VL53L0X_GetReferenceSpads                0x08019e01   Thumb Code    30  vl53l0x_api.o(.text)
    VL53L0X_PerformRefSpadManagement         0x08019e1f   Thumb Code    30  vl53l0x_api.o(.text)
    VL53L0X_perform_xtalk_calibration        0x08019e3d   Thumb Code   296  vl53l0x_api_calibration.o(.text)
    VL53L0X_perform_offset_calibration       0x08019f65   Thumb Code   228  vl53l0x_api_calibration.o(.text)
    VL53L0X_set_offset_calibration_data_micro_meter 0x0801a049   Thumb Code    74  vl53l0x_api_calibration.o(.text)
    VL53L0X_get_offset_calibration_data_micro_meter 0x0801a093   Thumb Code    86  vl53l0x_api_calibration.o(.text)
    VL53L0X_apply_offset_adjustment          0x0801a0e9   Thumb Code    58  vl53l0x_api_calibration.o(.text)
    get_next_good_spad                       0x0801a123   Thumb Code   104  vl53l0x_api_calibration.o(.text)
    is_aperture                              0x0801a18b   Thumb Code    18  vl53l0x_api_calibration.o(.text)
    enable_spad_bit                          0x0801a19d   Thumb Code    50  vl53l0x_api_calibration.o(.text)
    count_enabled_spads                      0x0801a1cf   Thumb Code   180  vl53l0x_api_calibration.o(.text)
    set_ref_spad_map                         0x0801a283   Thumb Code    24  vl53l0x_api_calibration.o(.text)
    get_ref_spad_map                         0x0801a29b   Thumb Code    24  vl53l0x_api_calibration.o(.text)
    enable_ref_spads                         0x0801a2b3   Thumb Code   172  vl53l0x_api_calibration.o(.text)
    perform_ref_signal_measurement           0x0801a35f   Thumb Code   110  vl53l0x_api_calibration.o(.text)
    VL53L0X_ref_calibration_io               0x0801a3cd   Thumb Code   190  vl53l0x_api_calibration.o(.text)
    VL53L0X_perform_single_ref_calibration   0x0801a48b   Thumb Code    64  vl53l0x_api_calibration.o(.text)
    VL53L0X_perform_phase_calibration        0x0801a4cb   Thumb Code   124  vl53l0x_api_calibration.o(.text)
    VL53L0X_perform_vhv_calibration          0x0801a547   Thumb Code   126  vl53l0x_api_calibration.o(.text)
    VL53L0X_perform_ref_calibration          0x0801a5c5   Thumb Code    76  vl53l0x_api_calibration.o(.text)
    VL53L0X_perform_ref_spad_management      0x0801a611   Thumb Code   658  vl53l0x_api_calibration.o(.text)
    VL53L0X_set_reference_spads              0x0801a8a3   Thumb Code   194  vl53l0x_api_calibration.o(.text)
    VL53L0X_get_reference_spads              0x0801a965   Thumb Code   120  vl53l0x_api_calibration.o(.text)
    VL53L0X_set_ref_calibration              0x0801a9dd   Thumb Code    46  vl53l0x_api_calibration.o(.text)
    VL53L0X_get_ref_calibration              0x0801aa0b   Thumb Code    48  vl53l0x_api_calibration.o(.text)
    VL53L0X_reverse_bytes                    0x0801aa3d   Thumb Code    34  vl53l0x_api_core.o(.text)
    VL53L0X_measurement_poll_for_completion  0x0801aa5f   Thumb Code    58  vl53l0x_api_core.o(.text)
    VL53L0X_decode_vcsel_period              0x0801aa99   Thumb Code    12  vl53l0x_api_core.o(.text)
    VL53L0X_encode_vcsel_period              0x0801aaa5   Thumb Code    14  vl53l0x_api_core.o(.text)
    VL53L0X_isqrt                            0x0801aab3   Thumb Code    44  vl53l0x_api_core.o(.text)
    VL53L0X_quadrature_sum                   0x0801aadf   Thumb Code    44  vl53l0x_api_core.o(.text)
    VL53L0X_device_read_strobe               0x0801ab0b   Thumb Code    78  vl53l0x_api_core.o(.text)
    VL53L0X_get_info_from_device             0x0801ab59   Thumb Code  1346  vl53l0x_api_core.o(.text)
    VL53L0X_calc_macro_period_ps             0x0801b09b   Thumb Code    22  vl53l0x_api_core.o(.text)
    VL53L0X_encode_timeout                   0x0801b0b1   Thumb Code    40  vl53l0x_api_core.o(.text)
    VL53L0X_decode_timeout                   0x0801b0d9   Thumb Code    14  vl53l0x_api_core.o(.text)
    VL53L0X_calc_timeout_mclks               0x0801b0e7   Thumb Code    52  vl53l0x_api_core.o(.text)
    VL53L0X_calc_timeout_us                  0x0801b11b   Thumb Code    54  vl53l0x_api_core.o(.text)
    get_sequence_step_timeout                0x0801b151   Thumb Code   290  vl53l0x_api_core.o(.text)
    set_sequence_step_timeout                0x0801b273   Thumb Code   314  vl53l0x_api_core.o(.text)
    VL53L0X_set_vcsel_pulse_period           0x0801b3ad   Thumb Code   766  vl53l0x_api_core.o(.text)
    VL53L0X_get_vcsel_pulse_period           0x0801b6ab   Thumb Code    70  vl53l0x_api_core.o(.text)
    VL53L0X_set_measurement_timing_budget_micro_seconds 0x0801b6f1   Thumb Code   296  vl53l0x_api_core.o(.text)
    VL53L0X_get_measurement_timing_budget_micro_seconds 0x0801b819   Thumb Code   238  vl53l0x_api_core.o(.text)
    VL53L0X_load_tuning_settings             0x0801b907   Thumb Code   234  vl53l0x_api_core.o(.text)
    VL53L0X_get_total_xtalk_rate             0x0801b9f1   Thumb Code    58  vl53l0x_api_core.o(.text)
    VL53L0X_get_total_signal_rate            0x0801ba2b   Thumb Code    40  vl53l0x_api_core.o(.text)
    VL53L0X_calc_dmax                        0x0801ba53   Thumb Code   392  vl53l0x_api_core.o(.text)
    VL53L0X_calc_sigma_estimate              0x0801bbdb   Thumb Code   674  vl53l0x_api_core.o(.text)
    VL53L0X_get_pal_range_status             0x0801be7d   Thumb Code   580  vl53l0x_api_core.o(.text)
    VL53L0X_check_part_used                  0x0801c0c1   Thumb Code    74  vl53l0x_api_strings.o(.text)
    VL53L0X_get_device_info                  0x0801c10b   Thumb Code   152  vl53l0x_api_strings.o(.text)
    VL53L0X_get_device_error_string          0x0801c1a3   Thumb Code   198  vl53l0x_api_strings.o(.text)
    VL53L0X_get_range_status_string          0x0801c269   Thumb Code    98  vl53l0x_api_strings.o(.text)
    VL53L0X_get_pal_error_string             0x0801c2cb   Thumb Code   298  vl53l0x_api_strings.o(.text)
    VL53L0X_get_pal_state_string             0x0801c3f5   Thumb Code  1060  vl53l0x_api_strings.o(.text)
    VL53L0X_get_sequence_steps_info          0x0801c819   Thumb Code    84  vl53l0x_api_strings.o(.text)
    VL53L0X_get_limit_check_info             0x0801c86d   Thumb Code   106  vl53l0x_api_strings.o(.text)
    VL53L0X_write_multi                      0x0801c9e5   Thumb Code    42  vl53l0x_i2c.o(.text)
    VL53L0X_read_multi                       0x0801ca0f   Thumb Code    42  vl53l0x_i2c.o(.text)
    VL53L0X_write_byte                       0x0801ca39   Thumb Code    28  vl53l0x_i2c.o(.text)
    VL53L0X_write_word                       0x0801ca55   Thumb Code    90  vl53l0x_i2c.o(.text)
    VL53L0X_write_dword                      0x0801caaf   Thumb Code    52  vl53l0x_i2c.o(.text)
    VL53L0X_read_byte                        0x0801cae3   Thumb Code    36  vl53l0x_i2c.o(.text)
    VL53L0X_read_word                        0x0801cb07   Thumb Code    42  vl53l0x_i2c.o(.text)
    VL53L0X_read_dword                       0x0801cb31   Thumb Code    58  vl53l0x_i2c.o(.text)
    VL53L0X_LockSequenceAccess               0x0801cb6d   Thumb Code     6  vl53l0x_platform.o(.text)
    VL53L0X_UnlockSequenceAccess             0x0801cb73   Thumb Code     6  vl53l0x_platform.o(.text)
    VL53L0X_WriteMulti                       0x0801cb79   Thumb Code    60  vl53l0x_platform.o(.text)
    VL53L0X_ReadMulti                        0x0801cbb5   Thumb Code    54  vl53l0x_platform.o(.text)
    VL53L0X_WrByte                           0x0801cbeb   Thumb Code    44  vl53l0x_platform.o(.text)
    VL53L0X_WrWord                           0x0801cc17   Thumb Code    44  vl53l0x_platform.o(.text)
    VL53L0X_WrDWord                          0x0801cc43   Thumb Code    44  vl53l0x_platform.o(.text)
    VL53L0X_UpdateByte                       0x0801cc6f   Thumb Code    82  vl53l0x_platform.o(.text)
    VL53L0X_RdByte                           0x0801ccc1   Thumb Code    44  vl53l0x_platform.o(.text)
    VL53L0X_RdWord                           0x0801cced   Thumb Code    44  vl53l0x_platform.o(.text)
    VL53L0X_RdDWord                          0x0801cd19   Thumb Code    44  vl53l0x_platform.o(.text)
    VL53L0X_PollingDelay                     0x0801cd45   Thumb Code    26  vl53l0x_platform.o(.text)
    vl53l0x_measure_init                     0x0801cd5f   Thumb Code   188  vl53l0x_platform.o(.text)
    VL53L0X_Init                             0x0801ce1b   Thumb Code   106  vl53l0x_platform.o(.text)
    VL53L0X_IfDataReady                      0x0801ce85   Thumb Code    24  vl53l0x_platform.o(.text)
    VL53L0X_FastRead                         0x0801ce9d   Thumb Code    42  vl53l0x_platform.o(.text)
    __aeabi_memcpy                           0x0801ced5   Thumb Code    36  memcpya.o(.text)
    __aeabi_memcpy4                          0x0801ced5   Thumb Code     0  memcpya.o(.text)
    __aeabi_memcpy8                          0x0801ced5   Thumb Code     0  memcpya.o(.text)
    __aeabi_memset                           0x0801cef9   Thumb Code    14  memseta.o(.text)
    __aeabi_memset4                          0x0801cef9   Thumb Code     0  memseta.o(.text)
    __aeabi_memset8                          0x0801cef9   Thumb Code     0  memseta.o(.text)
    __aeabi_memclr                           0x0801cf07   Thumb Code     4  memseta.o(.text)
    __aeabi_memclr4                          0x0801cf07   Thumb Code     0  memseta.o(.text)
    __aeabi_memclr8                          0x0801cf07   Thumb Code     0  memseta.o(.text)
    _memset$wrapper                          0x0801cf0b   Thumb Code    18  memseta.o(.text)
    strcpy                                   0x0801cf1d   Thumb Code    18  strcpy.o(.text)
    __aeabi_dadd                             0x0801cf2f   Thumb Code   322  dadd.o(.text)
    __aeabi_dsub                             0x0801d071   Thumb Code     6  dadd.o(.text)
    __aeabi_drsub                            0x0801d077   Thumb Code     6  dadd.o(.text)
    __aeabi_dmul                             0x0801d07d   Thumb Code   228  dmul.o(.text)
    __aeabi_i2d                              0x0801d161   Thumb Code    34  dflti.o(.text)
    __aeabi_d2iz                             0x0801d183   Thumb Code    62  dfixi.o(.text)
    __aeabi_f2d                              0x0801d1c1   Thumb Code    38  f2d.o(.text)
    __aeabi_cdcmpeq                          0x0801d1e9   Thumb Code     0  cdcmple.o(.text)
    __aeabi_cdcmple                          0x0801d1e9   Thumb Code    48  cdcmple.o(.text)
    __aeabi_cdrcmple                         0x0801d219   Thumb Code    48  cdrcmple.o(.text)
    __aeabi_d2f                              0x0801d249   Thumb Code    56  d2f.o(.text)
    __aeabi_llsl                             0x0801d281   Thumb Code    30  llshl.o(.text)
    _ll_shift_l                              0x0801d281   Thumb Code     0  llshl.o(.text)
    __aeabi_llsr                             0x0801d29f   Thumb Code    32  llushr.o(.text)
    _ll_ushift_r                             0x0801d29f   Thumb Code     0  llushr.o(.text)
    __aeabi_lasr                             0x0801d2bf   Thumb Code    36  llsshr.o(.text)
    _ll_sshift_r                             0x0801d2bf   Thumb Code     0  llsshr.o(.text)
    __I$use$fp                               0x0801d2e3   Thumb Code     0  iusefp.o(.text)
    _float_round                             0x0801d2e3   Thumb Code    18  fepilogue.o(.text)
    _float_epilogue                          0x0801d2f5   Thumb Code    92  fepilogue.o(.text)
    _double_round                            0x0801d351   Thumb Code    30  depilogue.o(.text)
    _double_epilogue                         0x0801d36f   Thumb Code   156  depilogue.o(.text)
    __scatterload                            0x0801d40d   Thumb Code    28  init.o(.text)
    __scatterload_rt2                        0x0801d40d   Thumb Code     0  init.o(.text)
    __decompress                             0x0801d431   Thumb Code     0  __dczerorl2.o(.text)
    __decompress1                            0x0801d431   Thumb Code    86  __dczerorl2.o(.text)
    __scatterload_copy                       0x0801d487   Thumb Code    14  handlers.o(i.__scatterload_copy)
    __scatterload_null                       0x0801d495   Thumb Code     2  handlers.o(i.__scatterload_null)
    __scatterload_zeroinit                   0x0801d497   Thumb Code    14  handlers.o(i.__scatterload_zeroinit)
    usbd_power                               0x0801d4a4   Data           1  usb_config.o(.constdata)
    usbd_hs_enable                           0x0801d4a5   Data           1  usb_config.o(.constdata)
    usbd_if_num                              0x0801d4a6   Data           2  usb_config.o(.constdata)
    usbd_ep_num                              0x0801d4a8   Data           1  usb_config.o(.constdata)
    usbd_max_packet0                         0x0801d4a9   Data           1  usb_config.o(.constdata)
    usbd_hid_if_num                          0x0801d4aa   Data           1  usb_config.o(.constdata)
    usbd_hid_ep_intin                        0x0801d4ab   Data           1  usb_config.o(.constdata)
    usbd_hid_ep_intout                       0x0801d4ac   Data           1  usb_config.o(.constdata)
    usbd_hid_interval                        0x0801d4ae   Data           4  usb_config.o(.constdata)
    usbd_hid_maxpacketsize                   0x0801d4b2   Data           4  usb_config.o(.constdata)
    usbd_hid_inreport_num                    0x0801d4b6   Data           1  usb_config.o(.constdata)
    usbd_hid_outreport_num                   0x0801d4b7   Data           1  usb_config.o(.constdata)
    usbd_hid_inreport_max_sz                 0x0801d4b8   Data           2  usb_config.o(.constdata)
    usbd_hid_outreport_max_sz                0x0801d4ba   Data           2  usb_config.o(.constdata)
    usbd_hid_featreport_max_sz               0x0801d4bc   Data           2  usb_config.o(.constdata)
    USBD_P_Power_Event                       0x0801d4c0   Data           4  usb_config.o(.constdata)
    USBD_P_Reset_Event                       0x0801d4c4   Data           4  usb_config.o(.constdata)
    USBD_P_Suspend_Event                     0x0801d4c8   Data           4  usb_config.o(.constdata)
    USBD_P_Resume_Event                      0x0801d4cc   Data           4  usb_config.o(.constdata)
    USBD_P_WakeUp_Event                      0x0801d4d0   Data           4  usb_config.o(.constdata)
    USBD_P_SOF_Event                         0x0801d4d4   Data           4  usb_config.o(.constdata)
    USBD_P_Error_Event                       0x0801d4d8   Data           4  usb_config.o(.constdata)
    USBD_P_EP                                0x0801d4dc   Data          64  usb_config.o(.constdata)
    USBD_P_Configure_Event                   0x0801d51c   Data           4  usb_config.o(.constdata)
    USBD_P_Interface_Event                   0x0801d520   Data           4  usb_config.o(.constdata)
    USBD_P_Feature_Event                     0x0801d524   Data           4  usb_config.o(.constdata)
    __rtx                                    0x0801d528   Data           4  usb_config.o(.constdata)
    USBD_HID_ReportDescriptor                0x0801d52c   Data          33  usb_config.o(.constdata)
    USBD_HID_ReportDescriptorSize            0x0801d54e   Data           2  usb_config.o(.constdata)
    USBD_HID_DescriptorOffset                0x0801d550   Data           2  usb_config.o(.constdata)
    USBD_DeviceDescriptor                    0x0801d552   Data          18  usb_config.o(.constdata)
    USBD_DeviceQualifier                     0x0801d564   Data           1  usb_config.o(.constdata)
    USBD_DeviceQualifier_HS                  0x0801d565   Data           1  usb_config.o(.constdata)
    USBD_ConfigDescriptor                    0x0801d566   Data          42  usb_config.o(.constdata)
    USBD_ConfigDescriptor_HS                 0x0801d590   Data           1  usb_config.o(.constdata)
    USBD_OtherSpeedConfigDescriptor          0x0801d591   Data           1  usb_config.o(.constdata)
    USBD_OtherSpeedConfigDescriptor_HS       0x0801d592   Data           1  usb_config.o(.constdata)
    USBD_StringDescriptor                    0x0801d594   Data         132  usb_config.o(.constdata)
    fast_atan_table                          0x0801d618   Data        1028  ano_math.o(.constdata)
    gps_petrol_out_config                    0x0801da1c   Data          28  drv_gps.o(.constdata)
    gps_pvt_out_config                       0x0801da38   Data          90  drv_gps.o(.constdata)
    gps_rate_out_config                      0x0801da92   Data          16  drv_gps.o(.constdata)
    Enter_Send                               0x0801daa2   Data           9  drv_gps.o(.constdata)
    Region$$Table$$Base                      0x0801daac   Number         0  anon$$obj.o(Region$$Table)
    Region$$Table$$Limit                     0x0801dacc   Number         0  anon$$obj.o(Region$$Table)
    checkdata_to_send                        0x20000054   Data           1  ano_dt.o(.data)
    checksum_to_send                         0x20000055   Data           1  ano_dt.o(.data)
    flash_save_en_cnt                        0x20000058   Data           2  ano_dt.o(.data)
    chn_en_bit                               0x20000071   Data           1  ano_rc.o(.data)
    signal_intensity                         0x20000072   Data           2  ano_rc.o(.data)
    unlock_f                                 0x20000074   Data           2  ano_rc.o(.data)
    stick_fun_0                              0x20000076   Data           1  ano_rc.o(.data)
    unlock_time                              0x20000078   Data           2  ano_rc.o(.data)
    test_si_cnt                              0x2000007a   Data           2  ano_rc.o(.data)
    cali_gyro                                0x2000007c   Data           2  ano_rc.o(.data)
    cali_acc                                 0x2000007e   Data           2  ano_rc.o(.data)
    cali_surface                             0x20000080   Data           2  ano_rc.o(.data)
    cali_mag                                 0x20000082   Data           4  ano_rc.o(.data)
    stick_fun_1                              0x20000086   Data           1  ano_rc.o(.data)
    stick_fun_2                              0x20000087   Data           1  ano_rc.o(.data)
    stick_fun_3                              0x20000088   Data           1  ano_rc.o(.data)
    stick_fun_4                              0x20000089   Data           1  ano_rc.o(.data)
    stick_fun_5_magcali                      0x2000008a   Data           1  ano_rc.o(.data)
    OF_STATE                                 0x20000090   Data           1  ano_of.o(.data)
    OF_QUALITY                               0x20000091   Data           1  ano_of.o(.data)
    OF_DX                                    0x20000092   Data           1  ano_of.o(.data)
    OF_DY                                    0x20000093   Data           1  ano_of.o(.data)
    OF_DX2                                   0x20000094   Data           2  ano_of.o(.data)
    OF_DY2                                   0x20000096   Data           2  ano_of.o(.data)
    OF_DX2FIX                                0x20000098   Data           2  ano_of.o(.data)
    OF_DY2FIX                                0x2000009a   Data           2  ano_of.o(.data)
    OF_ALT                                   0x2000009c   Data           2  ano_of.o(.data)
    OF_ALT2                                  0x2000009e   Data           2  ano_of.o(.data)
    OF_GYR_X                                 0x200000a0   Data           2  ano_of.o(.data)
    OF_GYR_Y                                 0x200000a2   Data           2  ano_of.o(.data)
    OF_GYR_Z                                 0x200000a4   Data           2  ano_of.o(.data)
    OF_GYR_X2                                0x200000a6   Data           2  ano_of.o(.data)
    OF_GYR_Y2                                0x200000a8   Data           2  ano_of.o(.data)
    OF_GYR_Z2                                0x200000aa   Data           2  ano_of.o(.data)
    OF_ACC_X                                 0x200000ac   Data           2  ano_of.o(.data)
    OF_ACC_Y                                 0x200000ae   Data           2  ano_of.o(.data)
    OF_ACC_Z                                 0x200000b0   Data           2  ano_of.o(.data)
    OF_ACC_X2                                0x200000b2   Data           2  ano_of.o(.data)
    OF_ACC_Y2                                0x200000b4   Data           2  ano_of.o(.data)
    OF_ACC_Z2                                0x200000b6   Data           2  ano_of.o(.data)
    OF_ATT_ROL                               0x200000b8   Data           4  ano_of.o(.data)
    OF_ATT_PIT                               0x200000bc   Data           4  ano_of.o(.data)
    OF_ATT_YAW                               0x200000c0   Data           4  ano_of.o(.data)
    OF_ATT_S1                                0x200000c4   Data           4  ano_of.o(.data)
    OF_ATT_S2                                0x200000c8   Data           4  ano_of.o(.data)
    OF_ATT_S3                                0x200000cc   Data           4  ano_of.o(.data)
    OF_ATT_S4                                0x200000d0   Data           4  ano_of.o(.data)
    HID_SEND_TIMEOUT                         0x200000de   Data           1  ano_usb.o(.data)
    hid_datatemp_begin                       0x200000df   Data           1  ano_usb.o(.data)
    hid_datatemp_end                         0x200000e0   Data           1  ano_usb.o(.data)
    USBD_AltSetting                          0x200000e2   Data           1  usb_config.o(.data)
    USBD_HID_PollingCnt                      0x200000e4   Data           2  usb_config.o(.data)
    USBD_HID_IdleCnt                         0x200000e6   Data           1  usb_config.o(.data)
    USBD_HID_IdleReload                      0x200000e7   Data           1  usb_config.o(.data)
    USBD_HID_IdleSet                         0x200000e8   Data           1  usb_config.o(.data)
    USBD_HID_FeatReport                      0x200000e9   Data           2  usb_config.o(.data)
    switchs                                  0x200000f1   Data           6  ano_fcdata.o(.data)
    sens_hd_check                            0x200000f7   Data           8  ano_fcdata.o(.data)
    imu_data                                 0x2000010c   Data         232  ano_imu.o(.data)
    imu_state                                0x20000228   Data          24  ano_imu.o(.data)
    ref_height_old                           0x20000260   Data           4  ano_motioncal.o(.data)
    ref_speed_old                            0x20000264   Data           4  ano_motioncal.o(.data)
    wcz_ref_height                           0x20000268   Data           4  ano_motioncal.o(.data)
    wcz_ref_speed                            0x2000026c   Data           4  ano_motioncal.o(.data)
    wcz_ref_acc                              0x20000270   Data           4  ano_motioncal.o(.data)
    flying_cnt                               0x200002a2   Data           2  ano_flightctrl.o(.data)
    landing_cnt                              0x200002a4   Data           2  ano_flightctrl.o(.data)
    stop_baro_hpf                            0x200002a8   Data           4  ano_flightctrl.o(.data)
    speed_mode_old                           0x200002b2   Data           1  ano_flightctrl.o(.data)
    flight_mode_old                          0x200002b3   Data           1  ano_flightctrl.o(.data)
    vel_fb_d_lpf                             0x200002cc   Data           8  ano_locctrl.o(.data)
    mag                                      0x200002ec   Data           8  ano_magprocess.o(.data)
    motor                                    0x20000300   Data           8  ano_motorctrl.o(.data)
    motor_step                               0x20000308   Data           8  ano_motorctrl.o(.data)
    IDLING                                   0x20000312   Data           2  ano_motorctrl.o(.data)
    Plane_Votage                             0x20000314   Data           4  ano_power.o(.data)
    test_time_cnt                            0x20000320   Data           2  ano_flightdatacal.o(.data)
    baro_height                              0x2000032c   Data           4  ano_flightdatacal.o(.data)
    baro_h_offset                            0x20000330   Data           4  ano_flightdatacal.o(.data)
    ref_height_get_1                         0x20000334   Data           4  ano_flightdatacal.o(.data)
    ref_height_get_2                         0x20000338   Data           4  ano_flightdatacal.o(.data)
    ref_height_used                          0x2000033c   Data           4  ano_flightdatacal.o(.data)
    baro2tof_offset                          0x20000340   Data           4  ano_flightdatacal.o(.data)
    tof2baro_offset                          0x20000344   Data           4  ano_flightdatacal.o(.data)
    baro_fix1                                0x20000348   Data           4  ano_flightdatacal.o(.data)
    baro_fix2                                0x2000034c   Data           4  ano_flightdatacal.o(.data)
    baro_fix                                 0x20000350   Data           4  ano_flightdatacal.o(.data)
    wcz_acc_use                              0x20000358   Data           4  ano_flightdatacal.o(.data)
    ref_tof_height                           0x2000035c   Data           2  ano_flightdatacal.o(.data)
    led_accuracy                             0x20000364   Data           2  drv_led.o(.data)
    LED_Brightness                           0x20000368   Data          16  drv_led.o(.data)
    AdcValue                                 0x2000038c   Data           2  drv_adc.o(.data)
    para_sta                                 0x2000038e   Data           4  ano_parameter.o(.data)
    sysTickUptime                            0x200003b8   Data           4  drv_time.o(.data)
    systime_ms                               0x200003bc   Data           4  drv_time.o(.data)
    TxCounter                                0x200003c0   Data           1  drv_usart.o(.data)
    count                                    0x200003c1   Data           1  drv_usart.o(.data)
    Tx5Counter                               0x200003c2   Data           1  drv_usart.o(.data)
    count5                                   0x200003c3   Data           1  drv_usart.o(.data)
    Tx4Counter                               0x200003c4   Data           1  drv_usart.o(.data)
    count4                                   0x200003c5   Data           1  drv_usart.o(.data)
    acc_z_auto                               0x200003cc   Data           8  drv_icm20602.o(.data)
    acc_sum_cnt                              0x200003d4   Data           2  drv_icm20602.o(.data)
    gyro_sum_cnt                             0x200003d6   Data           2  drv_icm20602.o(.data)
    acc_z_auto_cnt                           0x200003d8   Data           2  drv_icm20602.o(.data)
    g_old                                    0x200003da   Data           6  drv_icm20602.o(.data)
    g_d_sum                                  0x200003e0   Data          12  drv_icm20602.o(.data)
    roll_gz_comp                             0x200003ec   Data           2  drv_icm20602.o(.data)
    wh_matrix                                0x200003f0   Data          36  drv_icm20602.o(.data)
    baro_Offset                              0x2000041c   Data           4  drv_spl06.o(.data)
    alt_3                                    0x20000420   Data           4  drv_spl06.o(.data)
    height                                   0x20000424   Data           4  drv_spl06.o(.data)
    baro_start                               0x20000428   Data           1  drv_spl06.o(.data)
    temperature                              0x2000042c   Data           4  drv_spl06.o(.data)
    alt_high                                 0x20000430   Data           4  drv_spl06.o(.data)
    baro_pressure                            0x20000434   Data           4  drv_spl06.o(.data)
    VL53L0X_LINKOK                           0x20000438   Data           1  drv_vl53l0x.o(.data)
    tof_height_mm                            0x2000043a   Data           2  drv_vl53l0x.o(.data)
    I2C_FastMode                             0x2000043e   Data           1  drv_i2c_soft.o(.data)
    OutMaxPacketSize                         0x20000440   Data          16  usbd_stm32f4xx_fs.o(.data)
    InPacketDataPtr                          0x20000450   Data          16  usbd_stm32f4xx_fs.o(.data)
    InPacketDataReady                        0x20000460   Data           4  usbd_stm32f4xx_fs.o(.data)
    SyncWriteEP                              0x20000464   Data           4  usbd_stm32f4xx_fs.o(.data)
    IsoOutTokenRead                          0x20000468   Data           4  usbd_stm32f4xx_fs.o(.data)
    len                                      0x20000470   Data           2  drv_gps.o(.data)
    wcx_acc_use                              0x20000474   Data           4  drv_gps.o(.data)
    wcy_acc_use                              0x20000478   Data           4  drv_gps.o(.data)
    GPS_get_cnt                              0x2000047c   Data           1  drv_gps.o(.data)
    temperature_err                          0x2000048c   Data           4  drv_heating.o(.data)
    temperature_err_i                        0x20000490   Data           4  drv_heating.o(.data)
    temperature_diff                         0x20000494   Data           4  drv_heating.o(.data)
    temperature_ctrl_val                     0x20000498   Data           4  drv_heating.o(.data)
    sbus_flag                                0x2000049f   Data           1  drv_sbus.o(.data)
    SystemCoreClock                          0x200004b4   Data           4  system_stm32f4xx.o(.data)
    AHBPrescTable                            0x200004b8   Data          16  system_stm32f4xx.o(.data)
    USBD_DeviceStatus                        0x200004c8   Data           2  usbd_core.o(.data)
    USBD_DeviceAddress                       0x200004ca   Data           1  usbd_core.o(.data)
    USBD_Configuration                       0x200004cb   Data           1  usbd_core.o(.data)
    USBD_EndPointMask                        0x200004cc   Data           4  usbd_core.o(.data)
    USBD_EndPointHalt                        0x200004d0   Data           4  usbd_core.o(.data)
    USBD_EndPointStall                       0x200004d4   Data           4  usbd_core.o(.data)
    USBD_NumInterfaces                       0x200004d8   Data           1  usbd_core.o(.data)
    USBD_HighSpeed                           0x200004d9   Data           1  usbd_core.o(.data)
    USBD_ZLP                                 0x200004da   Data           1  usbd_core.o(.data)
    USBD_EP0Data                             0x200004dc   Data           8  usbd_core.o(.data)
    USBD_SetupPacket                         0x200004e4   Data           8  usbd_core.o(.data)
    USBD_HID_Protocol                        0x200004ec   Data           1  usbd_hid.o(.data)
    DataOutAsyncReq                          0x200004f0   Data           4  usbd_hid.o(.data)
    DataOutUpdateReqMask                     0x200004f4   Data           4  usbd_hid.o(.data)
    ptrDataOut                               0x200004f8   Data           4  usbd_hid.o(.data)
    DataOutToSendLen                         0x200004fc   Data           2  usbd_hid.o(.data)
    DataOutSentLen                           0x200004fe   Data           2  usbd_hid.o(.data)
    DataOutEndWithShortPacket                0x20000500   Data           4  usbd_hid.o(.data)
    ptrDataIn                                0x20000504   Data           4  usbd_hid.o(.data)
    DataInReceLen                            0x20000508   Data           2  usbd_hid.o(.data)
    ptrDataFeat                              0x2000050c   Data           4  usbd_hid.o(.data)
    DataFeatReceLen                          0x20000510   Data           2  usbd_hid.o(.data)
    DefaultTuningSettings                    0x20000513   Data         243  vl53l0x_api.o(.data)
    InterruptThresholdSettings               0x20000606   Data         438  vl53l0x_api.o(.data)
    refArrayQuadrants                        0x200007bc   Data          16  vl53l0x_api_calibration.o(.data)
    vl53l0x_status                           0x200007cc   Data           1  vl53l0x_platform.o(.data)
    test_dT_1000hz                           0x200007d0   Data          12  ano_scheduler.o(.bss)
    test_rT                                  0x200007dc   Data          24  ano_scheduler.o(.bss)
    ParValList                               0x200007f4   Data         400  ano_dt.o(.bss)
    f                                        0x20000984   Data          20  ano_dt.o(.bss)
    data_to_send                             0x20000998   Data          50  ano_dt.o(.bss)
    CH_N                                     0x20000ade   Data          16  ano_rc.o(.bss)
    hid_datatemp                             0x20000b20   Data         256  ano_usb.o(.bss)
    hid_data2send                            0x20000c20   Data          64  ano_usb.o(.bss)
    USBD_EP0Buf                              0x20000c60   Data          64  usb_config.o(.bss)
    USBD_HID_InReport                        0x20000ca0   Data          65  usb_config.o(.bss)
    USBD_HID_OutReport                       0x20000ce1   Data          65  usb_config.o(.bss)
    stk_usb_msc_task                         0x20000d28   Data         600  usb_config.o(.bss)
    program_ctrl                             0x20000f80   Data          84  ano_flyctrl.o(.bss)
    save                                     0x20000fd4   Data          64  ano_fcdata.o(.bss)
    flag                                     0x20001014   Data          29  ano_fcdata.o(.bss)
    fc_stv                                   0x20001034   Data          16  ano_fcdata.o(.bss)
    att_matrix                               0x20001044   Data          36  ano_imu.o(.bss)
    imu_test                                 0x2000108c   Data          12  ano_imu.o(.bss)
    wcz_acc_fus                              0x20001098   Data          28  ano_motioncal.o(.bss)
    wcz_spe_fus                              0x200010b4   Data          24  ano_motioncal.o(.bss)
    wcz_hei_fus                              0x200010cc   Data          24  ano_motioncal.o(.bss)
    alt_arg_2                                0x200010e4   Data          24  ano_altctrl.o(.bss)
    alt_val_2                                0x200010fc   Data          40  ano_altctrl.o(.bss)
    alt_arg_1                                0x20001124   Data          24  ano_altctrl.o(.bss)
    alt_val_1                                0x2000113c   Data          40  ano_altctrl.o(.bss)
    arg_2                                    0x20001164   Data          72  ano_attctrl.o(.bss)
    arg_1                                    0x200011ac   Data          72  ano_attctrl.o(.bss)
    val_2                                    0x200011f4   Data         120  ano_attctrl.o(.bss)
    val_1                                    0x2000126c   Data         120  ano_attctrl.o(.bss)
    att_2l_ct                                0x200012e4   Data          36  ano_attctrl.o(.bss)
    att_1l_ct                                0x20001308   Data          28  ano_attctrl.o(.bss)
    rolling_flag                             0x20001334   Data          24  ano_attctrl.o(.bss)
    fs                                       0x2000134c   Data          52  ano_flightctrl.o(.bss)
    loc_arg_1                                0x20001380   Data          48  ano_locctrl.o(.bss)
    loc_val_1                                0x200013b0   Data          80  ano_locctrl.o(.bss)
    loc_arg_1_fix                            0x20001400   Data          48  ano_locctrl.o(.bss)
    loc_val_1_fix                            0x20001430   Data          80  ano_locctrl.o(.bss)
    loc_ctrl_1                               0x20001480   Data          36  ano_locctrl.o(.bss)
    loc_ctrl_2                               0x200014a4   Data          36  ano_locctrl.o(.bss)
    mc                                       0x200014c8   Data          16  ano_motorctrl.o(.bss)
    LED_STA                                  0x200014d8   Data          15  drv_led.o(.bss)
    Ano_Parame                               0x200014e7   Data        4096  ano_parameter.o(.bss)
    Rc_Pwm_In                                0x200024e8   Data          16  drv_pwm_in.o(.bss)
    Rc_Ppm_In                                0x200024f8   Data          16  drv_pwm_in.o(.bss)
    TxBuffer                                 0x20002508   Data         256  drv_usart.o(.bss)
    Rx_Buf                                   0x20002608   Data         256  drv_usart.o(.bss)
    Tx5Buffer                                0x20002708   Data         256  drv_usart.o(.bss)
    Tx4Buffer                                0x20002808   Data         256  drv_usart.o(.bss)
    mpu_buffer                               0x20002908   Data          14  drv_icm20602.o(.bss)
    center_pos                               0x20002918   Data          60  drv_icm20602.o(.bss)
    sensor                                   0x20002954   Data          92  drv_icm20602.o(.bss)
    sensor_val                               0x200029b0   Data          24  drv_icm20602.o(.bss)
    sensor_val_rot                           0x200029c8   Data          24  drv_icm20602.o(.bss)
    sensor_val_ref                           0x200029e0   Data          24  drv_icm20602.o(.bss)
    sum_temp                                 0x200029f8   Data          28  drv_icm20602.o(.bss)
    acc_auto_sum_temp                        0x20002a14   Data          12  drv_icm20602.o(.bss)
    HID_IntInPacketData                      0x20002a70   Data          64  usbd_stm32f4xx_fs.o(.bss)
    IsoOutPacketDataPtr                      0x20002ab0   Data          16  usbd_stm32f4xx_fs.o(.bss)
    InPacketDataCnt                          0x20002ac0   Data          16  usbd_stm32f4xx_fs.o(.bss)
    IsoOutPacketDataCnt                      0x20002ad0   Data          16  usbd_stm32f4xx_fs.o(.bss)
    Gps_information                          0x20002ae0   Data         112  drv_gps.o(.bss)
    Gps_send_Temp                            0x20002b50   Data          20  drv_gps.o(.bss)
    GPS_data_buff                            0x20002b64   Data         100  drv_gps.o(.bss)
    temperature_fb                           0x20002bc8   Data          12  drv_heating.o(.bss)
    Rc_Sbus_In                               0x20002bd4   Data          32  drv_sbus.o(.bss)
    vl53l0x_dev                              0x20002c10   Data         352  vl53l0x_platform.o(.bss)
    vl53l0x_dev_info                         0x20002d70   Data          99  vl53l0x_platform.o(.bss)
    vl53l0x_data                             0x20002dd4   Data          28  vl53l0x_platform.o(.bss)
    __initial_sp                             0x200035f0   Data           0  startup_stm32f4xx.o(STACK)



==============================================================================

Memory Map of the image

  Image Entry point : 0x08000189

  Load Region LR_IROM1 (Base: 0x08000000, Size: 0x0001e29c, Max: 0x00100000, ABSOLUTE, COMPRESSED[0x0001ddec])

    Execution Region ER_IROM1 (Exec base: 0x08000000, Load base: 0x08000000, Size: 0x0001dacc, Max: 0x00100000, ABSOLUTE)

    Exec Addr    Load Addr    Size         Type   Attr      Idx    E Section Name        Object

    0x08000000   0x08000000   0x00000188   Data   RO         1623    RESET               startup_stm32f4xx.o
    0x08000188   0x08000188   0x00000000   Code   RO         1840  * .ARM.Collect$$$$00000000  mc_w.l(entry.o)
    0x08000188   0x08000188   0x00000004   Code   RO         1867    .ARM.Collect$$$$00000001  mc_w.l(entry2.o)
    0x0800018c   0x0800018c   0x00000004   Code   RO         1870    .ARM.Collect$$$$00000004  mc_w.l(entry5.o)
    0x08000190   0x08000190   0x00000000   Code   RO         1872    .ARM.Collect$$$$00000008  mc_w.l(entry7b.o)
    0x08000190   0x08000190   0x00000000   Code   RO         1874    .ARM.Collect$$$$0000000A  mc_w.l(entry8b.o)
    0x08000190   0x08000190   0x00000008   Code   RO         1875    .ARM.Collect$$$$0000000B  mc_w.l(entry9a.o)
    0x08000198   0x08000198   0x00000000   Code   RO         1877    .ARM.Collect$$$$0000000D  mc_w.l(entry10a.o)
    0x08000198   0x08000198   0x00000000   Code   RO         1879    .ARM.Collect$$$$0000000F  mc_w.l(entry11a.o)
    0x08000198   0x08000198   0x00000004   Code   RO         1868    .ARM.Collect$$$$00002712  mc_w.l(entry2.o)
    0x0800019c   0x0800019c   0x0000001c   Code   RO            2    .text               main.o
    0x080001b8   0x080001b8   0x000001c8   Code   RO          136    .text               ano_scheduler.o
    0x08000380   0x08000380   0x000000bc   Code   RO          237    .text               bsp_init.o
    0x0800043c   0x0800043c   0x00001fd4   Code   RO          279    .text               ano_dt.o
    0x08002410   0x08002410   0x000007d0   Code   RO          325    .text               ano_rc.o
    0x08002be0   0x08002be0   0x00000268   Code   RO          353    .text               ano_of.o
    0x08002e48   0x08002e48   0x0000005c   Code   RO          376    .text               stm32f4xx_it.o
    0x08002ea4   0x08002ea4   0x0000024c   Code   RO          392    .text               ano_usb.o
    0x080030f0   0x080030f0   0x00000052   Code   RO          469    .text               usb_config.o
    0x08003142   0x08003142   0x00000002   PAD
    0x08003144   0x08003144   0x000008f0   Code   RO          493    .text               ano_flyctrl.o
    0x08003a34   0x08003a34   0x00000028   Code   RO          516    .text               ano_fcdata.o
    0x08003a5c   0x08003a5c   0x00000844   Code   RO          539    .text               ano_filter.o
    0x080042a0   0x080042a0   0x00000bbc   Code   RO          566    .text               ano_imu.o
    0x08004e5c   0x08004e5c   0x0000087c   Code   RO          593    .text               ano_math.o
    0x080056d8   0x080056d8   0x00000298   Code   RO          612    .text               ano_motioncal.o
    0x08005970   0x08005970   0x00000120   Code   RO          662    .text               ano_pid.o
    0x08005a90   0x08005a90   0x0000060c   Code   RO          681    .text               ano_altctrl.o
    0x0800609c   0x0800609c   0x000009b8   Code   RO          724    .text               ano_attctrl.o
    0x08006a54   0x08006a54   0x00000778   Code   RO          751    .text               ano_flightctrl.o
    0x080071cc   0x080071cc   0x000009b0   Code   RO          784    .text               ano_locctrl.o
    0x08007b7c   0x08007b7c   0x000004d4   Code   RO          807    .text               ano_magprocess.o
    0x08008050   0x08008050   0x0000021c   Code   RO          833    .text               ano_motorctrl.o
    0x0800826c   0x0800826c   0x000001d4   Code   RO          864    .text               ano_power.o
    0x08008440   0x08008440   0x00000364   Code   RO          886    .text               ano_flightdatacal.o
    0x080087a4   0x080087a4   0x00000640   Code   RO          910    .text               drv_led.o
    0x08008de4   0x08008de4   0x00000124   Code   RO          937    .text               drv_adc.o
    0x08008f08   0x08008f08   0x0000044c   Code   RO          959    .text               ano_parameter.o
    0x08009354   0x08009354   0x0000012c   Code   RO          982    .text               drv_spi.o
    0x08009480   0x08009480   0x00000890   Code   RO         1001    .text               drv_pwm_in.o
    0x08009d10   0x08009d10   0x0000031c   Code   RO         1028    .text               drv_pwm_out.o
    0x0800a02c   0x0800a02c   0x000001b8   Code   RO         1047    .text               drv_time.o
    0x0800a1e4   0x0800a1e4   0x00000464   Code   RO         1077    .text               drv_usart.o
    0x0800a648   0x0800a648   0x00000104   Code   RO         1100    .text               drv_ak8975.o
    0x0800a74c   0x0800a74c   0x00000b34   Code   RO         1121    .text               drv_icm20602.o
    0x0800b280   0x0800b280   0x000006f8   Code   RO         1148    .text               drv_spl06.o
    0x0800b978   0x0800b978   0x00000078   Code   RO         1171    .text               drv_vl53l0x.o
    0x0800b9f0   0x0800b9f0   0x000003c8   Code   RO         1225    .text               drv_w25qxx.o
    0x0800bdb8   0x0800bdb8   0x00000448   Code   RO         1250    .text               drv_i2c_soft.o
    0x0800c200   0x0800c200   0x000012b8   Code   RO         1272    .text               usbd_stm32f4xx_fs.o
    0x0800d4b8   0x0800d4b8   0x0000072c   Code   RO         1299    .text               drv_gps.o
    0x0800dbe4   0x0800dbe4   0x00000384   Code   RO         1324    .text               drv_heating.o
    0x0800df68   0x0800df68   0x000002c0   Code   RO         1351    .text               drv_sbus.o
    0x0800e228   0x0800e228   0x000001ec   Code   RO         1374    .text               misc.o
    0x0800e414   0x0800e414   0x0000107c   Code   RO         1390    .text               stm32f4xx_adc.o
    0x0800f490   0x0800f490   0x000013cc   Code   RO         1422    .text               stm32f4xx_dma.o
    0x0801085c   0x0801085c   0x0000030c   Code   RO         1438    .text               stm32f4xx_exti.o
    0x08010b68   0x08010b68   0x00000916   Code   RO         1470    .text               stm32f4xx_gpio.o
    0x0801147e   0x0801147e   0x00000002   PAD
    0x08011480   0x08011480   0x00000d7c   Code   RO         1518    .text               stm32f4xx_rcc.o
    0x080121fc   0x080121fc   0x00000bc8   Code   RO         1536    .text               stm32f4xx_spi.o
    0x08012dc4   0x08012dc4   0x00000184   Code   RO         1552    .text               stm32f4xx_syscfg.o
    0x08012f48   0x08012f48   0x00003294   Code   RO         1568    .text               stm32f4xx_tim.o
    0x080161dc   0x080161dc   0x00000eb4   Code   RO         1584    .text               stm32f4xx_usart.o
    0x08017090   0x08017090   0x00000210   Code   RO         1600    .text               system_stm32f4xx.o
    0x080172a0   0x080172a0   0x00000024   Code   RO         1624    .text               startup_stm32f4xx.o
    0x080172c4   0x080172c4   0x00000a30   Code   RO         1629    .text               usbd_core.o
    0x08017cf4   0x08017cf4   0x000001b0   Code   RO         1670    .text               usbd_core_hid.o
    0x08017ea4   0x08017ea4   0x00000604   Code   RO         1682    .text               usbd_hid.o
    0x080184a8   0x080184a8   0x00001994   Code   RO         1698    .text               vl53l0x_api.o
    0x08019e3c   0x08019e3c   0x00000bfe   Code   RO         1738    .text               vl53l0x_api_calibration.o
    0x0801aa3a   0x0801aa3a   0x00000002   PAD
    0x0801aa3c   0x0801aa3c   0x00001684   Code   RO         1757    .text               vl53l0x_api_core.o
    0x0801c0c0   0x0801c0c0   0x00000924   Code   RO         1783    .text               vl53l0x_api_strings.o
    0x0801c9e4   0x0801c9e4   0x00000186   Code   RO         1799    .text               vl53l0x_i2c.o
    0x0801cb6a   0x0801cb6a   0x00000002   PAD
    0x0801cb6c   0x0801cb6c   0x00000368   Code   RO         1815    .text               vl53l0x_platform.o
    0x0801ced4   0x0801ced4   0x00000024   Code   RO         1843    .text               mc_w.l(memcpya.o)
    0x0801cef8   0x0801cef8   0x00000024   Code   RO         1845    .text               mc_w.l(memseta.o)
    0x0801cf1c   0x0801cf1c   0x00000012   Code   RO         1847    .text               mc_w.l(strcpy.o)
    0x0801cf2e   0x0801cf2e   0x0000014e   Code   RO         1851    .text               mf_w.l(dadd.o)
    0x0801d07c   0x0801d07c   0x000000e4   Code   RO         1853    .text               mf_w.l(dmul.o)
    0x0801d160   0x0801d160   0x00000022   Code   RO         1855    .text               mf_w.l(dflti.o)
    0x0801d182   0x0801d182   0x0000003e   Code   RO         1857    .text               mf_w.l(dfixi.o)
    0x0801d1c0   0x0801d1c0   0x00000026   Code   RO         1859    .text               mf_w.l(f2d.o)
    0x0801d1e6   0x0801d1e6   0x00000002   PAD
    0x0801d1e8   0x0801d1e8   0x00000030   Code   RO         1861    .text               mf_w.l(cdcmple.o)
    0x0801d218   0x0801d218   0x00000030   Code   RO         1863    .text               mf_w.l(cdrcmple.o)
    0x0801d248   0x0801d248   0x00000038   Code   RO         1865    .text               mf_w.l(d2f.o)
    0x0801d280   0x0801d280   0x0000001e   Code   RO         1881    .text               mc_w.l(llshl.o)
    0x0801d29e   0x0801d29e   0x00000020   Code   RO         1883    .text               mc_w.l(llushr.o)
    0x0801d2be   0x0801d2be   0x00000024   Code   RO         1885    .text               mc_w.l(llsshr.o)
    0x0801d2e2   0x0801d2e2   0x00000000   Code   RO         1887    .text               mc_w.l(iusefp.o)
    0x0801d2e2   0x0801d2e2   0x0000006e   Code   RO         1888    .text               mf_w.l(fepilogue.o)
    0x0801d350   0x0801d350   0x000000ba   Code   RO         1890    .text               mf_w.l(depilogue.o)
    0x0801d40a   0x0801d40a   0x00000002   PAD
    0x0801d40c   0x0801d40c   0x00000024   Code   RO         1892    .text               mc_w.l(init.o)
    0x0801d430   0x0801d430   0x00000056   Code   RO         1902    .text               mc_w.l(__dczerorl2.o)
    0x0801d486   0x0801d486   0x0000000e   Code   RO         1896    i.__scatterload_copy  mc_w.l(handlers.o)
    0x0801d494   0x0801d494   0x00000002   Code   RO         1897    i.__scatterload_null  mc_w.l(handlers.o)
    0x0801d496   0x0801d496   0x0000000e   Code   RO         1898    i.__scatterload_zeroinit  mc_w.l(handlers.o)
    0x0801d4a4   0x0801d4a4   0x00000174   Data   RO          471    .constdata          usb_config.o
    0x0801d618   0x0801d618   0x00000404   Data   RO          594    .constdata          ano_math.o
    0x0801da1c   0x0801da1c   0x0000008f   Data   RO         1301    .constdata          drv_gps.o
    0x0801daab   0x0801daab   0x00000001   PAD
    0x0801daac   0x0801daac   0x00000020   Data   RO         1894    Region$$Table       anon$$obj.o


    Execution Region RW_IRAM1 (Exec base: 0x20000000, Load base: 0x0801dacc, Size: 0x000035f0, Max: 0x00020000, ABSOLUTE, COMPRESSED[0x00000320])

    Exec Addr    Load Addr    Size         Type   Attr      Idx    E Section Name        Object

    0x20000000   COMPRESSED   0x00000054   Data   RW          138    .data               ano_scheduler.o
    0x20000054   COMPRESSED   0x0000001c   Data   RW          281    .data               ano_dt.o
    0x20000070   COMPRESSED   0x0000001f   Data   RW          327    .data               ano_rc.o
    0x2000008f   COMPRESSED   0x00000001   PAD
    0x20000090   COMPRESSED   0x0000004e   Data   RW          355    .data               ano_of.o
    0x200000de   COMPRESSED   0x00000004   Data   RW          394    .data               ano_usb.o
    0x200000e2   COMPRESSED   0x00000009   Data   RW          472    .data               usb_config.o
    0x200000eb   COMPRESSED   0x00000001   PAD
    0x200000ec   COMPRESSED   0x00000005   Data   RW          495    .data               ano_flyctrl.o
    0x200000f1   COMPRESSED   0x0000000e   Data   RW          518    .data               ano_fcdata.o
    0x200000ff   COMPRESSED   0x00000001   PAD
    0x20000100   COMPRESSED   0x0000000c   Data   RW          540    .data               ano_filter.o
    0x2000010c   COMPRESSED   0x00000154   Data   RW          568    .data               ano_imu.o
    0x20000260   COMPRESSED   0x0000001d   Data   RW          614    .data               ano_motioncal.o
    0x2000027d   COMPRESSED   0x00000003   PAD
    0x20000280   COMPRESSED   0x0000000e   Data   RW          683    .data               ano_altctrl.o
    0x2000028e   COMPRESSED   0x00000002   PAD
    0x20000290   COMPRESSED   0x00000010   Data   RW          726    .data               ano_attctrl.o
    0x200002a0   COMPRESSED   0x00000020   Data   RW          753    .data               ano_flightctrl.o
    0x200002c0   COMPRESSED   0x0000001e   Data   RW          786    .data               ano_locctrl.o
    0x200002de   COMPRESSED   0x00000002   PAD
    0x200002e0   COMPRESSED   0x00000020   Data   RW          808    .data               ano_magprocess.o
    0x20000300   COMPRESSED   0x00000014   Data   RW          835    .data               ano_motorctrl.o
    0x20000314   COMPRESSED   0x0000000c   Data   RW          865    .data               ano_power.o
    0x20000320   COMPRESSED   0x00000041   Data   RW          887    .data               ano_flightdatacal.o
    0x20000361   COMPRESSED   0x00000003   PAD
    0x20000364   COMPRESSED   0x00000027   Data   RW          912    .data               drv_led.o
    0x2000038b   COMPRESSED   0x00000001   PAD
    0x2000038c   COMPRESSED   0x00000002   Data   RW          938    .data               drv_adc.o
    0x2000038e   COMPRESSED   0x00000004   Data   RW          961    .data               ano_parameter.o
    0x20000392   COMPRESSED   0x00000024   Data   RW         1003    .data               drv_pwm_in.o
    0x200003b6   COMPRESSED   0x00000002   PAD
    0x200003b8   COMPRESSED   0x00000008   Data   RW         1048    .data               drv_time.o
    0x200003c0   COMPRESSED   0x00000006   Data   RW         1079    .data               drv_usart.o
    0x200003c6   COMPRESSED   0x00000006   Data   RW         1101    .data               drv_ak8975.o
    0x200003cc   COMPRESSED   0x00000049   Data   RW         1123    .data               drv_icm20602.o
    0x20000415   COMPRESSED   0x00000003   PAD
    0x20000418   COMPRESSED   0x00000020   Data   RW         1150    .data               drv_spl06.o
    0x20000438   COMPRESSED   0x00000006   Data   RW         1172    .data               drv_vl53l0x.o
    0x2000043e   COMPRESSED   0x00000001   Data   RW         1251    .data               drv_i2c_soft.o
    0x2000043f   COMPRESSED   0x00000001   PAD
    0x20000440   COMPRESSED   0x00000030   Data   RW         1274    .data               usbd_stm32f4xx_fs.o
    0x20000470   COMPRESSED   0x00000019   Data   RW         1302    .data               drv_gps.o
    0x20000489   COMPRESSED   0x00000003   PAD
    0x2000048c   COMPRESSED   0x00000013   Data   RW         1326    .data               drv_heating.o
    0x2000049f   COMPRESSED   0x00000002   Data   RW         1353    .data               drv_sbus.o
    0x200004a1   COMPRESSED   0x00000010   Data   RW         1519    .data               stm32f4xx_rcc.o
    0x200004b1   COMPRESSED   0x00000003   PAD
    0x200004b4   COMPRESSED   0x00000014   Data   RW         1601    .data               system_stm32f4xx.o
    0x200004c8   COMPRESSED   0x00000024   Data   RW         1630    .data               usbd_core.o
    0x200004ec   COMPRESSED   0x00000027   Data   RW         1683    .data               usbd_hid.o
    0x20000513   COMPRESSED   0x000002a9   Data   RW         1699    .data               vl53l0x_api.o
    0x200007bc   COMPRESSED   0x00000010   Data   RW         1739    .data               vl53l0x_api_calibration.o
    0x200007cc   COMPRESSED   0x00000001   Data   RW         1817    .data               vl53l0x_platform.o
    0x200007cd   COMPRESSED   0x00000003   PAD
    0x200007d0        -       0x00000024   Zero   RW          137    .bss                ano_scheduler.o
    0x200007f4        -       0x000002d6   Zero   RW          280    .bss                ano_dt.o
    0x20000aca        -       0x00000024   Zero   RW          326    .bss                ano_rc.o
    0x20000aee        -       0x00000032   Zero   RW          354    .bss                ano_of.o
    0x20000b20        -       0x00000140   Zero   RW          393    .bss                ano_usb.o
    0x20000c60        -       0x00000320   Zero   RW          470    .bss                usb_config.o
    0x20000f80        -       0x00000054   Zero   RW          494    .bss                ano_flyctrl.o
    0x20000fd4        -       0x00000070   Zero   RW          517    .bss                ano_fcdata.o
    0x20001044        -       0x00000054   Zero   RW          567    .bss                ano_imu.o
    0x20001098        -       0x0000004c   Zero   RW          613    .bss                ano_motioncal.o
    0x200010e4        -       0x00000080   Zero   RW          682    .bss                ano_altctrl.o
    0x20001164        -       0x000001e8   Zero   RW          725    .bss                ano_attctrl.o
    0x2000134c        -       0x00000034   Zero   RW          752    .bss                ano_flightctrl.o
    0x20001380        -       0x00000148   Zero   RW          785    .bss                ano_locctrl.o
    0x200014c8        -       0x00000010   Zero   RW          834    .bss                ano_motorctrl.o
    0x200014d8        -       0x0000000f   Zero   RW          911    .bss                drv_led.o
    0x200014e7        -       0x00001000   Zero   RW          960    .bss                ano_parameter.o
    0x200024e7   COMPRESSED   0x00000001   PAD
    0x200024e8        -       0x00000020   Zero   RW         1002    .bss                drv_pwm_in.o
    0x20002508        -       0x00000400   Zero   RW         1078    .bss                drv_usart.o
    0x20002908        -       0x00000130   Zero   RW         1122    .bss                drv_icm20602.o
    0x20002a38        -       0x0000002c   Zero   RW         1149    .bss                drv_spl06.o
    0x20002a64        -       0x0000000c   Zero   RW         1226    .bss                drv_w25qxx.o
    0x20002a70        -       0x00000070   Zero   RW         1273    .bss                usbd_stm32f4xx_fs.o
    0x20002ae0        -       0x000000e8   Zero   RW         1300    .bss                drv_gps.o
    0x20002bc8        -       0x0000000c   Zero   RW         1325    .bss                drv_heating.o
    0x20002bd4        -       0x00000039   Zero   RW         1352    .bss                drv_sbus.o
    0x20002c0d   COMPRESSED   0x00000003   PAD
    0x20002c10        -       0x000001e0   Zero   RW         1816    .bss                vl53l0x_platform.o
    0x20002df0        -       0x00000800   Zero   RW         1621    STACK               startup_stm32f4xx.o

